Archive member included to satisfy reference by file (symbol)

C:/avr-gcc-13.2.0-x64-windows/bin/../lib/gcc/avr/13.2.0/../../../../avr/lib/avr5\libprintf_flt.a(vfprintf_flt.o)
                              (vfprintf)
C:/avr-gcc-13.2.0-x64-windows/bin/../lib/gcc/avr/13.2.0/../../../../avr/lib/avr5\libm.a(divsf3.o)
                              Lab6.o (__divsf3)
C:/avr-gcc-13.2.0-x64-windows/bin/../lib/gcc/avr/13.2.0/../../../../avr/lib/avr5\libm.a(divsf3x.o)
                              C:/avr-gcc-13.2.0-x64-windows/bin/../lib/gcc/avr/13.2.0/../../../../avr/lib/avr5\libm.a(divsf3.o) (__divsf3x)
C:/avr-gcc-13.2.0-x64-windows/bin/../lib/gcc/avr/13.2.0/../../../../avr/lib/avr5\libm.a(floatsisf.o)
                              Lab6.o (__floatsisf)
C:/avr-gcc-13.2.0-x64-windows/bin/../lib/gcc/avr/13.2.0/../../../../avr/lib/avr5\libm.a(fp_inf.o)
                              C:/avr-gcc-13.2.0-x64-windows/bin/../lib/gcc/avr/13.2.0/../../../../avr/lib/avr5\libm.a(divsf3x.o) (__fp_inf)
C:/avr-gcc-13.2.0-x64-windows/bin/../lib/gcc/avr/13.2.0/../../../../avr/lib/avr5\libm.a(fp_nan.o)
                              C:/avr-gcc-13.2.0-x64-windows/bin/../lib/gcc/avr/13.2.0/../../../../avr/lib/avr5\libm.a(divsf3x.o) (__fp_nan)
C:/avr-gcc-13.2.0-x64-windows/bin/../lib/gcc/avr/13.2.0/../../../../avr/lib/avr5\libm.a(fp_pscA.o)
                              C:/avr-gcc-13.2.0-x64-windows/bin/../lib/gcc/avr/13.2.0/../../../../avr/lib/avr5\libm.a(divsf3x.o) (__fp_pscA)
C:/avr-gcc-13.2.0-x64-windows/bin/../lib/gcc/avr/13.2.0/../../../../avr/lib/avr5\libm.a(fp_pscB.o)
                              C:/avr-gcc-13.2.0-x64-windows/bin/../lib/gcc/avr/13.2.0/../../../../avr/lib/avr5\libm.a(divsf3x.o) (__fp_pscB)
C:/avr-gcc-13.2.0-x64-windows/bin/../lib/gcc/avr/13.2.0/../../../../avr/lib/avr5\libm.a(fp_round.o)
                              C:/avr-gcc-13.2.0-x64-windows/bin/../lib/gcc/avr/13.2.0/../../../../avr/lib/avr5\libm.a(divsf3.o) (__fp_round)
C:/avr-gcc-13.2.0-x64-windows/bin/../lib/gcc/avr/13.2.0/../../../../avr/lib/avr5\libm.a(fp_split3.o)
                              C:/avr-gcc-13.2.0-x64-windows/bin/../lib/gcc/avr/13.2.0/../../../../avr/lib/avr5\libm.a(divsf3x.o) (__fp_split3)
C:/avr-gcc-13.2.0-x64-windows/bin/../lib/gcc/avr/13.2.0/../../../../avr/lib/avr5\libm.a(fp_zero.o)
                              C:/avr-gcc-13.2.0-x64-windows/bin/../lib/gcc/avr/13.2.0/../../../../avr/lib/avr5\libm.a(divsf3x.o) (__fp_szero)
C:/avr-gcc-13.2.0-x64-windows/bin/../lib/gcc/avr/13.2.0/../../../../avr/lib/avr5\libm.a(mulsf3.o)
                              Lab6.o (__mulsf3)
C:/avr-gcc-13.2.0-x64-windows/bin/../lib/gcc/avr/13.2.0/../../../../avr/lib/avr5\libm.a(mulsf3x.o)
                              C:/avr-gcc-13.2.0-x64-windows/bin/../lib/gcc/avr/13.2.0/../../../../avr/lib/avr5\libm.a(mulsf3.o) (__mulsf3x)
C:/avr-gcc-13.2.0-x64-windows/bin/../lib/gcc/avr/13.2.0/avr5\libgcc.a(_exit.o)
                              C:/avr-gcc-13.2.0-x64-windows/bin/../lib/gcc/avr/13.2.0/../../../../avr/lib/avr5/crtatmega328p.o (exit)
C:/avr-gcc-13.2.0-x64-windows/bin/../lib/gcc/avr/13.2.0/avr5\libgcc.a(_copy_data.o)
                              Lab6.o (__do_copy_data)
C:/avr-gcc-13.2.0-x64-windows/bin/../lib/gcc/avr/13.2.0/avr5\libgcc.a(_clear_bss.o)
                              Lab6.o (__do_clear_bss)
C:/avr-gcc-13.2.0-x64-windows/bin/../lib/gcc/avr/13.2.0/avr5\libgcc.a(_prologue.o)
                              C:/avr-gcc-13.2.0-x64-windows/bin/../lib/gcc/avr/13.2.0/../../../../avr/lib/avr5\libprintf_flt.a(vfprintf_flt.o) (__prologue_saves__)
C:/avr-gcc-13.2.0-x64-windows/bin/../lib/gcc/avr/13.2.0/avr5\libgcc.a(_epilogue.o)
                              C:/avr-gcc-13.2.0-x64-windows/bin/../lib/gcc/avr/13.2.0/../../../../avr/lib/avr5\libprintf_flt.a(vfprintf_flt.o) (__epilogue_restores__)
C:/avr-gcc-13.2.0-x64-windows/bin/../lib/gcc/avr/13.2.0/../../../../avr/lib/avr5\libc.a(ftoa_engine.o)
                              C:/avr-gcc-13.2.0-x64-windows/bin/../lib/gcc/avr/13.2.0/../../../../avr/lib/avr5\libprintf_flt.a(vfprintf_flt.o) (__ftoa_engine)
C:/avr-gcc-13.2.0-x64-windows/bin/../lib/gcc/avr/13.2.0/../../../../avr/lib/avr5\libc.a(strnlen_P.o)
                              C:/avr-gcc-13.2.0-x64-windows/bin/../lib/gcc/avr/13.2.0/../../../../avr/lib/avr5\libprintf_flt.a(vfprintf_flt.o) (strnlen_P)
C:/avr-gcc-13.2.0-x64-windows/bin/../lib/gcc/avr/13.2.0/../../../../avr/lib/avr5\libc.a(strcpy.o)
                              Lab6.o (strcpy)
C:/avr-gcc-13.2.0-x64-windows/bin/../lib/gcc/avr/13.2.0/../../../../avr/lib/avr5\libc.a(strnlen.o)
                              C:/avr-gcc-13.2.0-x64-windows/bin/../lib/gcc/avr/13.2.0/../../../../avr/lib/avr5\libprintf_flt.a(vfprintf_flt.o) (strnlen)
C:/avr-gcc-13.2.0-x64-windows/bin/../lib/gcc/avr/13.2.0/../../../../avr/lib/avr5\libc.a(fputc.o)
                              C:/avr-gcc-13.2.0-x64-windows/bin/../lib/gcc/avr/13.2.0/../../../../avr/lib/avr5\libprintf_flt.a(vfprintf_flt.o) (fputc)
C:/avr-gcc-13.2.0-x64-windows/bin/../lib/gcc/avr/13.2.0/../../../../avr/lib/avr5\libc.a(iob.o)
                              usart.o (__iob)
C:/avr-gcc-13.2.0-x64-windows/bin/../lib/gcc/avr/13.2.0/../../../../avr/lib/avr5\libc.a(printf.o)
                              Lab6.o (printf)
C:/avr-gcc-13.2.0-x64-windows/bin/../lib/gcc/avr/13.2.0/../../../../avr/lib/avr5\libc.a(putchar.o)
                              Lab6.o (putchar)
C:/avr-gcc-13.2.0-x64-windows/bin/../lib/gcc/avr/13.2.0/../../../../avr/lib/avr5\libc.a(puts.o)
                              Lab6.o (puts)
C:/avr-gcc-13.2.0-x64-windows/bin/../lib/gcc/avr/13.2.0/../../../../avr/lib/avr5\libc.a(ultoa_invert.o)
                              C:/avr-gcc-13.2.0-x64-windows/bin/../lib/gcc/avr/13.2.0/../../../../avr/lib/avr5\libprintf_flt.a(vfprintf_flt.o) (__ultoa_invert)

There are no discarded input sections

Memory Configuration

Name             Origin             Length             Attributes
text             0x00000000         0x00020000         xr
data             0x00800060         0x0000ffa0         rw!x
eeprom           0x00810000         0x00010000         rw!x
fuse             0x00820000         0x00000003         rw!x
lock             0x00830000         0x00000400         rw!x
signature        0x00840000         0x00000400         rw!x
user_signatures  0x00850000         0x00000400         rw!x
*default*        0x00000000         0xffffffff

Linker script and memory map

Address of section .data set to 0x800100
LOAD C:/avr-gcc-13.2.0-x64-windows/bin/../lib/gcc/avr/13.2.0/../../../../avr/lib/avr5/crtatmega328p.o
LOAD Lab6.o
LOAD usart.o
LOAD lcd.o
LOAD SoftwareUart.o
LOAD C:/avr-gcc-13.2.0-x64-windows/bin/../lib/gcc/avr/13.2.0/../../../../avr/lib/avr5\libprintf_flt.a
LOAD C:/avr-gcc-13.2.0-x64-windows/bin/../lib/gcc/avr/13.2.0/../../../../avr/lib/avr5\libm.a
START GROUP
LOAD C:/avr-gcc-13.2.0-x64-windows/bin/../lib/gcc/avr/13.2.0/avr5\libgcc.a
LOAD C:/avr-gcc-13.2.0-x64-windows/bin/../lib/gcc/avr/13.2.0/../../../../avr/lib/avr5\libm.a
LOAD C:/avr-gcc-13.2.0-x64-windows/bin/../lib/gcc/avr/13.2.0/../../../../avr/lib/avr5\libc.a
LOAD C:/avr-gcc-13.2.0-x64-windows/bin/../lib/gcc/avr/13.2.0/../../../../avr/lib/avr5\libatmega328p.a
END GROUP
                0x00020000                        __TEXT_REGION_LENGTH__ = DEFINED (__TEXT_REGION_LENGTH__)?__TEXT_REGION_LENGTH__:0x20000
                0x00800060                        __DATA_REGION_ORIGIN__ = DEFINED (__DATA_REGION_ORIGIN__)?__DATA_REGION_ORIGIN__:0x800060
                0x0000ffa0                        __DATA_REGION_LENGTH__ = DEFINED (__DATA_REGION_LENGTH__)?__DATA_REGION_LENGTH__:0xffa0
                0x00010000                        __EEPROM_REGION_LENGTH__ = DEFINED (__EEPROM_REGION_LENGTH__)?__EEPROM_REGION_LENGTH__:0x10000
                [0x00000003]                      __FUSE_REGION_LENGTH__ = DEFINED (__FUSE_REGION_LENGTH__)?__FUSE_REGION_LENGTH__:0x400
                0x00000400                        __LOCK_REGION_LENGTH__ = DEFINED (__LOCK_REGION_LENGTH__)?__LOCK_REGION_LENGTH__:0x400
                0x00000400                        __SIGNATURE_REGION_LENGTH__ = DEFINED (__SIGNATURE_REGION_LENGTH__)?__SIGNATURE_REGION_LENGTH__:0x400
                0x00000400                        __USER_SIGNATURE_REGION_LENGTH__ = DEFINED (__USER_SIGNATURE_REGION_LENGTH__)?__USER_SIGNATURE_REGION_LENGTH__:0x400

.hash
 *(.hash)

.dynsym
 *(.dynsym)

.dynstr
 *(.dynstr)

.gnu.version
 *(.gnu.version)

.gnu.version_d
 *(.gnu.version_d)

.gnu.version_r
 *(.gnu.version_r)

.rel.init
 *(.rel.init)

.rela.init
 *(.rela.init)

.rel.text
 *(.rel.text)
 *(.rel.text.*)
 *(.rel.gnu.linkonce.t*)

.rela.text
 *(.rela.text)
 *(.rela.text.*)
 *(.rela.gnu.linkonce.t*)

.rel.fini
 *(.rel.fini)

.rela.fini
 *(.rela.fini)

.rel.rodata
 *(.rel.rodata)
 *(.rel.rodata.*)
 *(.rel.gnu.linkonce.r*)

.rela.rodata
 *(.rela.rodata)
 *(.rela.rodata.*)
 *(.rela.gnu.linkonce.r*)

.rel.data
 *(.rel.data)
 *(.rel.data.*)
 *(.rel.gnu.linkonce.d*)

.rela.data
 *(.rela.data)
 *(.rela.data.*)
 *(.rela.gnu.linkonce.d*)

.rel.ctors
 *(.rel.ctors)

.rela.ctors
 *(.rela.ctors)

.rel.dtors
 *(.rel.dtors)

.rela.dtors
 *(.rela.dtors)

.rel.got
 *(.rel.got)

.rela.got
 *(.rela.got)

.rel.bss
 *(.rel.bss)

.rela.bss
 *(.rela.bss)

.rel.plt
 *(.rel.plt)

.rela.plt
 *(.rela.plt)

.text           0x00000000     0x169c
 *(.vectors)
 .vectors       0x00000000       0x68 C:/avr-gcc-13.2.0-x64-windows/bin/../lib/gcc/avr/13.2.0/../../../../avr/lib/avr5/crtatmega328p.o
                0x00000000                __vector_default
                0x00000000                __vectors
 *(.vectors)
 *(.progmem.gcc*)
                0x00000068                        . = ALIGN (0x2)
                0x00000068                        __trampolines_start = .
 *(.trampolines)
 .trampolines   0x00000068        0x0 linker stubs
 *(.trampolines*)
                0x00000068                        __trampolines_end = .
 *libprintf_flt.a:*(.progmem.data)
 .progmem.data  0x00000068        0x8 C:/avr-gcc-13.2.0-x64-windows/bin/../lib/gcc/avr/13.2.0/../../../../avr/lib/avr5\libprintf_flt.a(vfprintf_flt.o)
 *libc.a:*(.progmem.data)
 .progmem.data  0x00000070       0xfa C:/avr-gcc-13.2.0-x64-windows/bin/../lib/gcc/avr/13.2.0/../../../../avr/lib/avr5\libc.a(ftoa_engine.o)
 *(.progmem.*)
                0x0000016a                        . = ALIGN (0x2)
 *(.lowtext)
 *(.lowtext*)
                0x0000016a                        __ctors_start = .
 *(.ctors)
                0x0000016a                        __ctors_end = .
                0x0000016a                        __dtors_start = .
 *(.dtors)
                0x0000016a                        __dtors_end = .
 SORT_BY_NAME(*)(.ctors)
 SORT_BY_NAME(*)(.dtors)
 *(.init0)
 .init0         0x0000016a        0x0 C:/avr-gcc-13.2.0-x64-windows/bin/../lib/gcc/avr/13.2.0/../../../../avr/lib/avr5/crtatmega328p.o
                0x0000016a                __init
 *(.init0)
 *(.init1)
 *(.init1)
 *(.init2)
 .init2         0x0000016a        0xc C:/avr-gcc-13.2.0-x64-windows/bin/../lib/gcc/avr/13.2.0/../../../../avr/lib/avr5/crtatmega328p.o
 *(.init2)
 *(.init3)
 *(.init3)
 *(.init4)
 .init4         0x00000176       0x16 C:/avr-gcc-13.2.0-x64-windows/bin/../lib/gcc/avr/13.2.0/avr5\libgcc.a(_copy_data.o)
                0x00000176                __do_copy_data
 .init4         0x0000018c       0x10 C:/avr-gcc-13.2.0-x64-windows/bin/../lib/gcc/avr/13.2.0/avr5\libgcc.a(_clear_bss.o)
                0x0000018c                __do_clear_bss
 *(.init4)
 *(.init5)
 *(.init5)
 *(.init6)
 *(.init6)
 *(.init7)
 *(.init7)
 *(.init8)
 *(.init8)
 *(.init9)
 .init9         0x0000019c        0x8 C:/avr-gcc-13.2.0-x64-windows/bin/../lib/gcc/avr/13.2.0/../../../../avr/lib/avr5/crtatmega328p.o
 *(.init9)
 *(.text)
 .text          0x000001a4        0x4 C:/avr-gcc-13.2.0-x64-windows/bin/../lib/gcc/avr/13.2.0/../../../../avr/lib/avr5/crtatmega328p.o
                0x000001a4                __vector_22
                0x000001a4                __vector_1
                0x000001a4                __vector_24
                0x000001a4                __vector_12
                0x000001a4                __bad_interrupt
                0x000001a4                __vector_6
                0x000001a4                __vector_3
                0x000001a4                __vector_23
                0x000001a4                __vector_25
                0x000001a4                __vector_11
                0x000001a4                __vector_13
                0x000001a4                __vector_17
                0x000001a4                __vector_19
                0x000001a4                __vector_7
                0x000001a4                __vector_5
                0x000001a4                __vector_4
                0x000001a4                __vector_9
                0x000001a4                __vector_2
                0x000001a4                __vector_21
                0x000001a4                __vector_15
                0x000001a4                __vector_8
                0x000001a4                __vector_14
                0x000001a4                __vector_10
                0x000001a4                __vector_16
                0x000001a4                __vector_18
                0x000001a4                __vector_20
 .text          0x000001a8      0x288 Lab6.o
                0x000001a8                wait_1ms
                0x000001c4                waitms
                0x000001dc                GetPeriod
                0x00000294                setPin
                0x00000338                SendATCommand
                0x000003f0                Init_RF
 .text          0x00000430       0xe8 usart.o
                0x00000430                usart_init
                0x0000046c                usart_putchar
                0x0000047a                usart_putchar_printf
                0x00000496                usart_getchar
                0x000004a4                usart_kbhit
                0x000004b0                usart_pstr
                0x000004c8                usart_gets
 .text          0x00000518      0x14a lcd.o
                0x00000518                LCD_pulse
                0x00000526                LCD_byte
                0x0000058c                WriteData
                0x000005a0                WriteCommand
                0x000005b4                LCD_4BIT
                0x00000600                LCDprint
 .text          0x00000662      0x102 SoftwareUart.o
                0x00000662                ConfigureSoftwareUART
                0x0000066a                SendByte
                0x000006a0                GetByte
                0x00000704                SendString
                0x0000071c                GetString
 .text          0x00000764        0x0 C:/avr-gcc-13.2.0-x64-windows/bin/../lib/gcc/avr/13.2.0/../../../../avr/lib/avr5\libprintf_flt.a(vfprintf_flt.o)
 .text          0x00000764        0x0 C:/avr-gcc-13.2.0-x64-windows/bin/../lib/gcc/avr/13.2.0/../../../../avr/lib/avr5\libm.a(divsf3.o)
 .text          0x00000764        0x0 C:/avr-gcc-13.2.0-x64-windows/bin/../lib/gcc/avr/13.2.0/../../../../avr/lib/avr5\libm.a(divsf3x.o)
 .text          0x00000764        0x0 C:/avr-gcc-13.2.0-x64-windows/bin/../lib/gcc/avr/13.2.0/../../../../avr/lib/avr5\libm.a(floatsisf.o)
 .text          0x00000764        0x0 C:/avr-gcc-13.2.0-x64-windows/bin/../lib/gcc/avr/13.2.0/../../../../avr/lib/avr5\libm.a(fp_inf.o)
 .text          0x00000764        0x0 C:/avr-gcc-13.2.0-x64-windows/bin/../lib/gcc/avr/13.2.0/../../../../avr/lib/avr5\libm.a(fp_nan.o)
 .text          0x00000764        0x0 C:/avr-gcc-13.2.0-x64-windows/bin/../lib/gcc/avr/13.2.0/../../../../avr/lib/avr5\libm.a(fp_pscA.o)
 .text          0x00000764        0x0 C:/avr-gcc-13.2.0-x64-windows/bin/../lib/gcc/avr/13.2.0/../../../../avr/lib/avr5\libm.a(fp_pscB.o)
 .text          0x00000764        0x0 C:/avr-gcc-13.2.0-x64-windows/bin/../lib/gcc/avr/13.2.0/../../../../avr/lib/avr5\libm.a(fp_round.o)
 .text          0x00000764        0x0 C:/avr-gcc-13.2.0-x64-windows/bin/../lib/gcc/avr/13.2.0/../../../../avr/lib/avr5\libm.a(fp_split3.o)
 .text          0x00000764        0x0 C:/avr-gcc-13.2.0-x64-windows/bin/../lib/gcc/avr/13.2.0/../../../../avr/lib/avr5\libm.a(fp_zero.o)
 .text          0x00000764        0x0 C:/avr-gcc-13.2.0-x64-windows/bin/../lib/gcc/avr/13.2.0/../../../../avr/lib/avr5\libm.a(mulsf3.o)
 .text          0x00000764        0x0 C:/avr-gcc-13.2.0-x64-windows/bin/../lib/gcc/avr/13.2.0/../../../../avr/lib/avr5\libm.a(mulsf3x.o)
 .text          0x00000764        0x0 C:/avr-gcc-13.2.0-x64-windows/bin/../lib/gcc/avr/13.2.0/avr5\libgcc.a(_exit.o)
 .text          0x00000764        0x0 C:/avr-gcc-13.2.0-x64-windows/bin/../lib/gcc/avr/13.2.0/avr5\libgcc.a(_copy_data.o)
 .text          0x00000764        0x0 C:/avr-gcc-13.2.0-x64-windows/bin/../lib/gcc/avr/13.2.0/avr5\libgcc.a(_clear_bss.o)
 .text          0x00000764        0x0 C:/avr-gcc-13.2.0-x64-windows/bin/../lib/gcc/avr/13.2.0/avr5\libgcc.a(_prologue.o)
 .text          0x00000764        0x0 C:/avr-gcc-13.2.0-x64-windows/bin/../lib/gcc/avr/13.2.0/avr5\libgcc.a(_epilogue.o)
 .text          0x00000764        0x0 C:/avr-gcc-13.2.0-x64-windows/bin/../lib/gcc/avr/13.2.0/../../../../avr/lib/avr5\libc.a(ftoa_engine.o)
 .text          0x00000764        0x0 C:/avr-gcc-13.2.0-x64-windows/bin/../lib/gcc/avr/13.2.0/../../../../avr/lib/avr5\libc.a(strnlen_P.o)
 .text          0x00000764        0x0 C:/avr-gcc-13.2.0-x64-windows/bin/../lib/gcc/avr/13.2.0/../../../../avr/lib/avr5\libc.a(strcpy.o)
 .text          0x00000764        0x0 C:/avr-gcc-13.2.0-x64-windows/bin/../lib/gcc/avr/13.2.0/../../../../avr/lib/avr5\libc.a(strnlen.o)
 .text          0x00000764        0x0 C:/avr-gcc-13.2.0-x64-windows/bin/../lib/gcc/avr/13.2.0/../../../../avr/lib/avr5\libc.a(fputc.o)
 .text          0x00000764        0x0 C:/avr-gcc-13.2.0-x64-windows/bin/../lib/gcc/avr/13.2.0/../../../../avr/lib/avr5\libc.a(iob.o)
 .text          0x00000764        0x0 C:/avr-gcc-13.2.0-x64-windows/bin/../lib/gcc/avr/13.2.0/../../../../avr/lib/avr5\libc.a(printf.o)
 .text          0x00000764        0x0 C:/avr-gcc-13.2.0-x64-windows/bin/../lib/gcc/avr/13.2.0/../../../../avr/lib/avr5\libc.a(putchar.o)
 .text          0x00000764        0x0 C:/avr-gcc-13.2.0-x64-windows/bin/../lib/gcc/avr/13.2.0/../../../../avr/lib/avr5\libc.a(puts.o)
 .text          0x00000764        0x0 C:/avr-gcc-13.2.0-x64-windows/bin/../lib/gcc/avr/13.2.0/../../../../avr/lib/avr5\libc.a(ultoa_invert.o)
                0x00000764                        . = ALIGN (0x2)
 *(.text.*)
 .text.startup  0x00000764      0x164 Lab6.o
                0x00000764                main
 .text.avr-libc
                0x000008c8      0x6f0 C:/avr-gcc-13.2.0-x64-windows/bin/../lib/gcc/avr/13.2.0/../../../../avr/lib/avr5\libprintf_flt.a(vfprintf_flt.o)
                0x000008c8                vfprintf
 .text.avr-libc.fplib
                0x00000fb8        0x8 C:/avr-gcc-13.2.0-x64-windows/bin/../lib/gcc/avr/13.2.0/../../../../avr/lib/avr5\libm.a(divsf3.o)
                0x00000fb8                __divsf3
 .text.avr-libc.fplib
                0x00000fc0       0xdc C:/avr-gcc-13.2.0-x64-windows/bin/../lib/gcc/avr/13.2.0/../../../../avr/lib/avr5\libm.a(divsf3x.o)
                0x00000fe0                __divsf3x
                0x00000fe6                __divsf3_pse
 .text.avr-libc.fplib
                0x0000109c       0x7a C:/avr-gcc-13.2.0-x64-windows/bin/../lib/gcc/avr/13.2.0/../../../../avr/lib/avr5\libm.a(floatsisf.o)
                0x0000109c                __floatunsisf
                0x000010a0                __floatsisf
 .text.avr-libc.fplib
                0x00001116        0xc C:/avr-gcc-13.2.0-x64-windows/bin/../lib/gcc/avr/13.2.0/../../../../avr/lib/avr5\libm.a(fp_inf.o)
                0x00001116                __fp_inf
 .text.avr-libc.fplib
                0x00001122        0x6 C:/avr-gcc-13.2.0-x64-windows/bin/../lib/gcc/avr/13.2.0/../../../../avr/lib/avr5\libm.a(fp_nan.o)
                0x00001122                __fp_nan
 .text.avr-libc.fplib
                0x00001128        0xe C:/avr-gcc-13.2.0-x64-windows/bin/../lib/gcc/avr/13.2.0/../../../../avr/lib/avr5\libm.a(fp_pscA.o)
                0x00001128                __fp_pscA
 .text.avr-libc.fplib
                0x00001136        0xe C:/avr-gcc-13.2.0-x64-windows/bin/../lib/gcc/avr/13.2.0/../../../../avr/lib/avr5\libm.a(fp_pscB.o)
                0x00001136                __fp_pscB
 .text.avr-libc.fplib
                0x00001144       0x22 C:/avr-gcc-13.2.0-x64-windows/bin/../lib/gcc/avr/13.2.0/../../../../avr/lib/avr5\libm.a(fp_round.o)
                0x00001144                __fp_round
 .text.avr-libc.fplib
                0x00001166       0x44 C:/avr-gcc-13.2.0-x64-windows/bin/../lib/gcc/avr/13.2.0/../../../../avr/lib/avr5\libm.a(fp_split3.o)
                0x00001166                __fp_split3
                0x00001176                __fp_splitA
 .text.avr-libc.fplib
                0x000011aa        0xe C:/avr-gcc-13.2.0-x64-windows/bin/../lib/gcc/avr/13.2.0/../../../../avr/lib/avr5\libm.a(fp_zero.o)
                0x000011aa                __fp_zero
                0x000011ac                __fp_szero
 .text.avr-libc.fplib
                0x000011b8        0x8 C:/avr-gcc-13.2.0-x64-windows/bin/../lib/gcc/avr/13.2.0/../../../../avr/lib/avr5\libm.a(mulsf3.o)
                0x000011b8                __mulsf3
 .text.avr-libc.fplib
                0x000011c0       0xd2 C:/avr-gcc-13.2.0-x64-windows/bin/../lib/gcc/avr/13.2.0/../../../../avr/lib/avr5\libm.a(mulsf3x.o)
                0x000011de                __mulsf3x
                0x000011e4                __mulsf3_pse
 .text.libgcc.mul
                0x00001292        0x0 C:/avr-gcc-13.2.0-x64-windows/bin/../lib/gcc/avr/13.2.0/avr5\libgcc.a(_exit.o)
 .text.libgcc.div
                0x00001292        0x0 C:/avr-gcc-13.2.0-x64-windows/bin/../lib/gcc/avr/13.2.0/avr5\libgcc.a(_exit.o)
 .text.libgcc   0x00001292        0x0 C:/avr-gcc-13.2.0-x64-windows/bin/../lib/gcc/avr/13.2.0/avr5\libgcc.a(_exit.o)
 .text.libgcc.prologue
                0x00001292        0x0 C:/avr-gcc-13.2.0-x64-windows/bin/../lib/gcc/avr/13.2.0/avr5\libgcc.a(_exit.o)
 .text.libgcc.builtins
                0x00001292        0x0 C:/avr-gcc-13.2.0-x64-windows/bin/../lib/gcc/avr/13.2.0/avr5\libgcc.a(_exit.o)
 .text.libgcc.fmul
                0x00001292        0x0 C:/avr-gcc-13.2.0-x64-windows/bin/../lib/gcc/avr/13.2.0/avr5\libgcc.a(_exit.o)
 .text.libgcc.fixed
                0x00001292        0x0 C:/avr-gcc-13.2.0-x64-windows/bin/../lib/gcc/avr/13.2.0/avr5\libgcc.a(_exit.o)
 .text.libgcc.mul
                0x00001292        0x0 C:/avr-gcc-13.2.0-x64-windows/bin/../lib/gcc/avr/13.2.0/avr5\libgcc.a(_copy_data.o)
 .text.libgcc.div
                0x00001292        0x0 C:/avr-gcc-13.2.0-x64-windows/bin/../lib/gcc/avr/13.2.0/avr5\libgcc.a(_copy_data.o)
 .text.libgcc   0x00001292        0x0 C:/avr-gcc-13.2.0-x64-windows/bin/../lib/gcc/avr/13.2.0/avr5\libgcc.a(_copy_data.o)
 .text.libgcc.prologue
                0x00001292        0x0 C:/avr-gcc-13.2.0-x64-windows/bin/../lib/gcc/avr/13.2.0/avr5\libgcc.a(_copy_data.o)
 .text.libgcc.builtins
                0x00001292        0x0 C:/avr-gcc-13.2.0-x64-windows/bin/../lib/gcc/avr/13.2.0/avr5\libgcc.a(_copy_data.o)
 .text.libgcc.fmul
                0x00001292        0x0 C:/avr-gcc-13.2.0-x64-windows/bin/../lib/gcc/avr/13.2.0/avr5\libgcc.a(_copy_data.o)
 .text.libgcc.fixed
                0x00001292        0x0 C:/avr-gcc-13.2.0-x64-windows/bin/../lib/gcc/avr/13.2.0/avr5\libgcc.a(_copy_data.o)
 .text.libgcc.mul
                0x00001292        0x0 C:/avr-gcc-13.2.0-x64-windows/bin/../lib/gcc/avr/13.2.0/avr5\libgcc.a(_clear_bss.o)
 .text.libgcc.div
                0x00001292        0x0 C:/avr-gcc-13.2.0-x64-windows/bin/../lib/gcc/avr/13.2.0/avr5\libgcc.a(_clear_bss.o)
 .text.libgcc   0x00001292        0x0 C:/avr-gcc-13.2.0-x64-windows/bin/../lib/gcc/avr/13.2.0/avr5\libgcc.a(_clear_bss.o)
 .text.libgcc.prologue
                0x00001292        0x0 C:/avr-gcc-13.2.0-x64-windows/bin/../lib/gcc/avr/13.2.0/avr5\libgcc.a(_clear_bss.o)
 .text.libgcc.builtins
                0x00001292        0x0 C:/avr-gcc-13.2.0-x64-windows/bin/../lib/gcc/avr/13.2.0/avr5\libgcc.a(_clear_bss.o)
 .text.libgcc.fmul
                0x00001292        0x0 C:/avr-gcc-13.2.0-x64-windows/bin/../lib/gcc/avr/13.2.0/avr5\libgcc.a(_clear_bss.o)
 .text.libgcc.fixed
                0x00001292        0x0 C:/avr-gcc-13.2.0-x64-windows/bin/../lib/gcc/avr/13.2.0/avr5\libgcc.a(_clear_bss.o)
 .text.libgcc.mul
                0x00001292        0x0 C:/avr-gcc-13.2.0-x64-windows/bin/../lib/gcc/avr/13.2.0/avr5\libgcc.a(_prologue.o)
 .text.libgcc.div
                0x00001292        0x0 C:/avr-gcc-13.2.0-x64-windows/bin/../lib/gcc/avr/13.2.0/avr5\libgcc.a(_prologue.o)
 .text.libgcc   0x00001292        0x0 C:/avr-gcc-13.2.0-x64-windows/bin/../lib/gcc/avr/13.2.0/avr5\libgcc.a(_prologue.o)
 .text.libgcc.prologue
                0x00001292       0x38 C:/avr-gcc-13.2.0-x64-windows/bin/../lib/gcc/avr/13.2.0/avr5\libgcc.a(_prologue.o)
                0x00001292                __prologue_saves__
 .text.libgcc.builtins
                0x000012ca        0x0 C:/avr-gcc-13.2.0-x64-windows/bin/../lib/gcc/avr/13.2.0/avr5\libgcc.a(_prologue.o)
 .text.libgcc.fmul
                0x000012ca        0x0 C:/avr-gcc-13.2.0-x64-windows/bin/../lib/gcc/avr/13.2.0/avr5\libgcc.a(_prologue.o)
 .text.libgcc.fixed
                0x000012ca        0x0 C:/avr-gcc-13.2.0-x64-windows/bin/../lib/gcc/avr/13.2.0/avr5\libgcc.a(_prologue.o)
 .text.libgcc.mul
                0x000012ca        0x0 C:/avr-gcc-13.2.0-x64-windows/bin/../lib/gcc/avr/13.2.0/avr5\libgcc.a(_epilogue.o)
 .text.libgcc.div
                0x000012ca        0x0 C:/avr-gcc-13.2.0-x64-windows/bin/../lib/gcc/avr/13.2.0/avr5\libgcc.a(_epilogue.o)
 .text.libgcc   0x000012ca        0x0 C:/avr-gcc-13.2.0-x64-windows/bin/../lib/gcc/avr/13.2.0/avr5\libgcc.a(_epilogue.o)
 .text.libgcc.prologue
                0x000012ca       0x36 C:/avr-gcc-13.2.0-x64-windows/bin/../lib/gcc/avr/13.2.0/avr5\libgcc.a(_epilogue.o)
                0x000012ca                __epilogue_restores__
 .text.libgcc.builtins
                0x00001300        0x0 C:/avr-gcc-13.2.0-x64-windows/bin/../lib/gcc/avr/13.2.0/avr5\libgcc.a(_epilogue.o)
 .text.libgcc.fmul
                0x00001300        0x0 C:/avr-gcc-13.2.0-x64-windows/bin/../lib/gcc/avr/13.2.0/avr5\libgcc.a(_epilogue.o)
 .text.libgcc.fixed
                0x00001300        0x0 C:/avr-gcc-13.2.0-x64-windows/bin/../lib/gcc/avr/13.2.0/avr5\libgcc.a(_epilogue.o)
 .text.avr-libc
                0x00001300      0x1b0 C:/avr-gcc-13.2.0-x64-windows/bin/../lib/gcc/avr/13.2.0/../../../../avr/lib/avr5\libc.a(ftoa_engine.o)
                0x00001300                __ftoa_engine
 .text.avr-libc
                0x000014b0       0x16 C:/avr-gcc-13.2.0-x64-windows/bin/../lib/gcc/avr/13.2.0/../../../../avr/lib/avr5\libc.a(strnlen_P.o)
                0x000014b0                strnlen_P
 .text.avr-libc
                0x000014c6        0xe C:/avr-gcc-13.2.0-x64-windows/bin/../lib/gcc/avr/13.2.0/../../../../avr/lib/avr5\libc.a(strcpy.o)
                0x000014c6                strcpy
 .text.avr-libc
                0x000014d4       0x16 C:/avr-gcc-13.2.0-x64-windows/bin/../lib/gcc/avr/13.2.0/../../../../avr/lib/avr5\libc.a(strnlen.o)
                0x000014d4                strnlen
 .text.avr-libc
                0x000014ea       0x60 C:/avr-gcc-13.2.0-x64-windows/bin/../lib/gcc/avr/13.2.0/../../../../avr/lib/avr5\libc.a(fputc.o)
                0x000014ea                fputc
 .text.avr-libc
                0x0000154a       0x2c C:/avr-gcc-13.2.0-x64-windows/bin/../lib/gcc/avr/13.2.0/../../../../avr/lib/avr5\libc.a(printf.o)
                0x0000154a                printf
 .text.avr-libc
                0x00001576        0xe C:/avr-gcc-13.2.0-x64-windows/bin/../lib/gcc/avr/13.2.0/../../../../avr/lib/avr5\libc.a(putchar.o)
                0x00001576                putchar
 .text.avr-libc
                0x00001584       0x58 C:/avr-gcc-13.2.0-x64-windows/bin/../lib/gcc/avr/13.2.0/../../../../avr/lib/avr5\libc.a(puts.o)
                0x00001584                puts
 .text.avr-libc
                0x000015dc       0xbc C:/avr-gcc-13.2.0-x64-windows/bin/../lib/gcc/avr/13.2.0/../../../../avr/lib/avr5\libc.a(ultoa_invert.o)
                0x000015dc                __ultoa_invert
                0x00001698                        . = ALIGN (0x2)
 *(.fini9)
 .fini9         0x00001698        0x0 C:/avr-gcc-13.2.0-x64-windows/bin/../lib/gcc/avr/13.2.0/avr5\libgcc.a(_exit.o)
                0x00001698                _exit
                0x00001698                exit
 *(.fini9)
 *(.fini8)
 *(.fini8)
 *(.fini7)
 *(.fini7)
 *(.fini6)
 *(.fini6)
 *(.fini5)
 *(.fini5)
 *(.fini4)
 *(.fini4)
 *(.fini3)
 *(.fini3)
 *(.fini2)
 *(.fini2)
 *(.fini1)
 *(.fini1)
 *(.fini0)
 .fini0         0x00001698        0x4 C:/avr-gcc-13.2.0-x64-windows/bin/../lib/gcc/avr/13.2.0/avr5\libgcc.a(_exit.o)
 *(.fini0)
 *(.hightext)
 *(.hightext*)
 *(.progmemx.*)
                0x0000169c                        . = ALIGN (0x2)
 *(.jumptables)
 *(.jumptables*)
                0x0000169c                        _etext = .

.data           0x00800100      0x122 load address 0x0000169c
                0x00800100                        PROVIDE (__data_start = .)
 *(.data)
 .data          0x00800100        0x0 C:/avr-gcc-13.2.0-x64-windows/bin/../lib/gcc/avr/13.2.0/../../../../avr/lib/avr5/crtatmega328p.o
 .data          0x00800100        0x0 Lab6.o
 .data          0x00800100        0xe usart.o
 .data          0x0080010e        0x0 lcd.o
 .data          0x0080010e        0x0 SoftwareUart.o
 .data          0x0080010e        0x0 C:/avr-gcc-13.2.0-x64-windows/bin/../lib/gcc/avr/13.2.0/../../../../avr/lib/avr5\libprintf_flt.a(vfprintf_flt.o)
 .data          0x0080010e        0x0 C:/avr-gcc-13.2.0-x64-windows/bin/../lib/gcc/avr/13.2.0/../../../../avr/lib/avr5\libm.a(divsf3.o)
 .data          0x0080010e        0x0 C:/avr-gcc-13.2.0-x64-windows/bin/../lib/gcc/avr/13.2.0/../../../../avr/lib/avr5\libm.a(divsf3x.o)
 .data          0x0080010e        0x0 C:/avr-gcc-13.2.0-x64-windows/bin/../lib/gcc/avr/13.2.0/../../../../avr/lib/avr5\libm.a(floatsisf.o)
 .data          0x0080010e        0x0 C:/avr-gcc-13.2.0-x64-windows/bin/../lib/gcc/avr/13.2.0/../../../../avr/lib/avr5\libm.a(fp_inf.o)
 .data          0x0080010e        0x0 C:/avr-gcc-13.2.0-x64-windows/bin/../lib/gcc/avr/13.2.0/../../../../avr/lib/avr5\libm.a(fp_nan.o)
 .data          0x0080010e        0x0 C:/avr-gcc-13.2.0-x64-windows/bin/../lib/gcc/avr/13.2.0/../../../../avr/lib/avr5\libm.a(fp_pscA.o)
 .data          0x0080010e        0x0 C:/avr-gcc-13.2.0-x64-windows/bin/../lib/gcc/avr/13.2.0/../../../../avr/lib/avr5\libm.a(fp_pscB.o)
 .data          0x0080010e        0x0 C:/avr-gcc-13.2.0-x64-windows/bin/../lib/gcc/avr/13.2.0/../../../../avr/lib/avr5\libm.a(fp_round.o)
 .data          0x0080010e        0x0 C:/avr-gcc-13.2.0-x64-windows/bin/../lib/gcc/avr/13.2.0/../../../../avr/lib/avr5\libm.a(fp_split3.o)
 .data          0x0080010e        0x0 C:/avr-gcc-13.2.0-x64-windows/bin/../lib/gcc/avr/13.2.0/../../../../avr/lib/avr5\libm.a(fp_zero.o)
 .data          0x0080010e        0x0 C:/avr-gcc-13.2.0-x64-windows/bin/../lib/gcc/avr/13.2.0/../../../../avr/lib/avr5\libm.a(mulsf3.o)
 .data          0x0080010e        0x0 C:/avr-gcc-13.2.0-x64-windows/bin/../lib/gcc/avr/13.2.0/../../../../avr/lib/avr5\libm.a(mulsf3x.o)
 .data          0x0080010e        0x0 C:/avr-gcc-13.2.0-x64-windows/bin/../lib/gcc/avr/13.2.0/avr5\libgcc.a(_exit.o)
 .data          0x0080010e        0x0 C:/avr-gcc-13.2.0-x64-windows/bin/../lib/gcc/avr/13.2.0/avr5\libgcc.a(_copy_data.o)
 .data          0x0080010e        0x0 C:/avr-gcc-13.2.0-x64-windows/bin/../lib/gcc/avr/13.2.0/avr5\libgcc.a(_clear_bss.o)
 .data          0x0080010e        0x0 C:/avr-gcc-13.2.0-x64-windows/bin/../lib/gcc/avr/13.2.0/avr5\libgcc.a(_prologue.o)
 .data          0x0080010e        0x0 C:/avr-gcc-13.2.0-x64-windows/bin/../lib/gcc/avr/13.2.0/avr5\libgcc.a(_epilogue.o)
 .data          0x0080010e        0x0 C:/avr-gcc-13.2.0-x64-windows/bin/../lib/gcc/avr/13.2.0/../../../../avr/lib/avr5\libc.a(ftoa_engine.o)
 .data          0x0080010e        0x0 C:/avr-gcc-13.2.0-x64-windows/bin/../lib/gcc/avr/13.2.0/../../../../avr/lib/avr5\libc.a(strnlen_P.o)
 .data          0x0080010e        0x0 C:/avr-gcc-13.2.0-x64-windows/bin/../lib/gcc/avr/13.2.0/../../../../avr/lib/avr5\libc.a(strcpy.o)
 .data          0x0080010e        0x0 C:/avr-gcc-13.2.0-x64-windows/bin/../lib/gcc/avr/13.2.0/../../../../avr/lib/avr5\libc.a(strnlen.o)
 .data          0x0080010e        0x0 C:/avr-gcc-13.2.0-x64-windows/bin/../lib/gcc/avr/13.2.0/../../../../avr/lib/avr5\libc.a(fputc.o)
 .data          0x0080010e        0x0 C:/avr-gcc-13.2.0-x64-windows/bin/../lib/gcc/avr/13.2.0/../../../../avr/lib/avr5\libc.a(iob.o)
 .data          0x0080010e        0x0 C:/avr-gcc-13.2.0-x64-windows/bin/../lib/gcc/avr/13.2.0/../../../../avr/lib/avr5\libc.a(printf.o)
 .data          0x0080010e        0x0 C:/avr-gcc-13.2.0-x64-windows/bin/../lib/gcc/avr/13.2.0/../../../../avr/lib/avr5\libc.a(putchar.o)
 .data          0x0080010e        0x0 C:/avr-gcc-13.2.0-x64-windows/bin/../lib/gcc/avr/13.2.0/../../../../avr/lib/avr5\libc.a(puts.o)
 .data          0x0080010e        0x0 C:/avr-gcc-13.2.0-x64-windows/bin/../lib/gcc/avr/13.2.0/../../../../avr/lib/avr5\libc.a(ultoa_invert.o)
 *(.data*)
 *(.gnu.linkonce.d*)
 *(.rodata)
 *(.rodata*)
 .rodata.str1.1
                0x0080010e      0x113 Lab6.o
 *(.gnu.linkonce.r*)
                0x00800222                        . = ALIGN (0x2)
 *fill*         0x00800221        0x1 
                0x00800222                        _edata = .
                0x00800222                        PROVIDE (__data_end = .)

.bss            0x00800222        0xb
                0x00800222                        PROVIDE (__bss_start = .)
 *(.bss)
 .bss           0x00800222        0x0 C:/avr-gcc-13.2.0-x64-windows/bin/../lib/gcc/avr/13.2.0/../../../../avr/lib/avr5/crtatmega328p.o
 .bss           0x00800222        0x4 Lab6.o
                0x00800222                reload
                0x00800224                cnt
 .bss           0x00800226        0x0 usart.o
 .bss           0x00800226        0x0 lcd.o
 .bss           0x00800226        0x1 SoftwareUart.o
                0x00800226                echo
 .bss           0x00800227        0x0 C:/avr-gcc-13.2.0-x64-windows/bin/../lib/gcc/avr/13.2.0/../../../../avr/lib/avr5\libprintf_flt.a(vfprintf_flt.o)
 .bss           0x00800227        0x0 C:/avr-gcc-13.2.0-x64-windows/bin/../lib/gcc/avr/13.2.0/../../../../avr/lib/avr5\libm.a(divsf3.o)
 .bss           0x00800227        0x0 C:/avr-gcc-13.2.0-x64-windows/bin/../lib/gcc/avr/13.2.0/../../../../avr/lib/avr5\libm.a(divsf3x.o)
 .bss           0x00800227        0x0 C:/avr-gcc-13.2.0-x64-windows/bin/../lib/gcc/avr/13.2.0/../../../../avr/lib/avr5\libm.a(floatsisf.o)
 .bss           0x00800227        0x0 C:/avr-gcc-13.2.0-x64-windows/bin/../lib/gcc/avr/13.2.0/../../../../avr/lib/avr5\libm.a(fp_inf.o)
 .bss           0x00800227        0x0 C:/avr-gcc-13.2.0-x64-windows/bin/../lib/gcc/avr/13.2.0/../../../../avr/lib/avr5\libm.a(fp_nan.o)
 .bss           0x00800227        0x0 C:/avr-gcc-13.2.0-x64-windows/bin/../lib/gcc/avr/13.2.0/../../../../avr/lib/avr5\libm.a(fp_pscA.o)
 .bss           0x00800227        0x0 C:/avr-gcc-13.2.0-x64-windows/bin/../lib/gcc/avr/13.2.0/../../../../avr/lib/avr5\libm.a(fp_pscB.o)
 .bss           0x00800227        0x0 C:/avr-gcc-13.2.0-x64-windows/bin/../lib/gcc/avr/13.2.0/../../../../avr/lib/avr5\libm.a(fp_round.o)
 .bss           0x00800227        0x0 C:/avr-gcc-13.2.0-x64-windows/bin/../lib/gcc/avr/13.2.0/../../../../avr/lib/avr5\libm.a(fp_split3.o)
 .bss           0x00800227        0x0 C:/avr-gcc-13.2.0-x64-windows/bin/../lib/gcc/avr/13.2.0/../../../../avr/lib/avr5\libm.a(fp_zero.o)
 .bss           0x00800227        0x0 C:/avr-gcc-13.2.0-x64-windows/bin/../lib/gcc/avr/13.2.0/../../../../avr/lib/avr5\libm.a(mulsf3.o)
 .bss           0x00800227        0x0 C:/avr-gcc-13.2.0-x64-windows/bin/../lib/gcc/avr/13.2.0/../../../../avr/lib/avr5\libm.a(mulsf3x.o)
 .bss           0x00800227        0x0 C:/avr-gcc-13.2.0-x64-windows/bin/../lib/gcc/avr/13.2.0/avr5\libgcc.a(_exit.o)
 .bss           0x00800227        0x0 C:/avr-gcc-13.2.0-x64-windows/bin/../lib/gcc/avr/13.2.0/avr5\libgcc.a(_copy_data.o)
 .bss           0x00800227        0x0 C:/avr-gcc-13.2.0-x64-windows/bin/../lib/gcc/avr/13.2.0/avr5\libgcc.a(_clear_bss.o)
 .bss           0x00800227        0x0 C:/avr-gcc-13.2.0-x64-windows/bin/../lib/gcc/avr/13.2.0/avr5\libgcc.a(_prologue.o)
 .bss           0x00800227        0x0 C:/avr-gcc-13.2.0-x64-windows/bin/../lib/gcc/avr/13.2.0/avr5\libgcc.a(_epilogue.o)
 .bss           0x00800227        0x0 C:/avr-gcc-13.2.0-x64-windows/bin/../lib/gcc/avr/13.2.0/../../../../avr/lib/avr5\libc.a(ftoa_engine.o)
 .bss           0x00800227        0x0 C:/avr-gcc-13.2.0-x64-windows/bin/../lib/gcc/avr/13.2.0/../../../../avr/lib/avr5\libc.a(strnlen_P.o)
 .bss           0x00800227        0x0 C:/avr-gcc-13.2.0-x64-windows/bin/../lib/gcc/avr/13.2.0/../../../../avr/lib/avr5\libc.a(strcpy.o)
 .bss           0x00800227        0x0 C:/avr-gcc-13.2.0-x64-windows/bin/../lib/gcc/avr/13.2.0/../../../../avr/lib/avr5\libc.a(strnlen.o)
 .bss           0x00800227        0x0 C:/avr-gcc-13.2.0-x64-windows/bin/../lib/gcc/avr/13.2.0/../../../../avr/lib/avr5\libc.a(fputc.o)
 .bss           0x00800227        0x6 C:/avr-gcc-13.2.0-x64-windows/bin/../lib/gcc/avr/13.2.0/../../../../avr/lib/avr5\libc.a(iob.o)
                0x00800227                __iob
 .bss           0x0080022d        0x0 C:/avr-gcc-13.2.0-x64-windows/bin/../lib/gcc/avr/13.2.0/../../../../avr/lib/avr5\libc.a(printf.o)
 .bss           0x0080022d        0x0 C:/avr-gcc-13.2.0-x64-windows/bin/../lib/gcc/avr/13.2.0/../../../../avr/lib/avr5\libc.a(putchar.o)
 .bss           0x0080022d        0x0 C:/avr-gcc-13.2.0-x64-windows/bin/../lib/gcc/avr/13.2.0/../../../../avr/lib/avr5\libc.a(puts.o)
 .bss           0x0080022d        0x0 C:/avr-gcc-13.2.0-x64-windows/bin/../lib/gcc/avr/13.2.0/../../../../avr/lib/avr5\libc.a(ultoa_invert.o)
 *(.bss*)
 *(COMMON)
                0x0080022d                        PROVIDE (__bss_end = .)
                0x0000169c                        __data_load_start = LOADADDR (.data)
                0x000017be                        __data_load_end = (__data_load_start + SIZEOF (.data))

.noinit         0x0080022d        0x0
                [!provide]                        PROVIDE (__noinit_start = .)
 *(.noinit .noinit.* .gnu.linkonce.n.*)
                [!provide]                        PROVIDE (__noinit_end = .)
                0x0080022d                        _end = .
                [!provide]                        PROVIDE (__heap_start = .)

.eeprom         0x00810000        0x0
 *(.eeprom*)
                0x00810000                        __eeprom_end = .

.fuse
 *(.fuse)
 *(.lfuse)
 *(.hfuse)
 *(.efuse)

.lock
 *(.lock*)

.signature
 *(.signature*)

.stab
 *(.stab)

.stabstr
 *(.stabstr)

.stab.excl
 *(.stab.excl)

.stab.exclstr
 *(.stab.exclstr)

.stab.index
 *(.stab.index)

.stab.indexstr
 *(.stab.indexstr)

.comment        0x00000000       0x12
 *(.comment)
 .comment       0x00000000       0x12 Lab6.o
                                 0x13 (size before relaxing)
 .comment       0x00000012       0x13 usart.o
 .comment       0x00000012       0x13 lcd.o
 .comment       0x00000012       0x13 SoftwareUart.o
 .comment       0x00000012       0x13 C:/avr-gcc-13.2.0-x64-windows/bin/../lib/gcc/avr/13.2.0/../../../../avr/lib/avr5\libprintf_flt.a(vfprintf_flt.o)
 .comment       0x00000012       0x13 C:/avr-gcc-13.2.0-x64-windows/bin/../lib/gcc/avr/13.2.0/../../../../avr/lib/avr5\libc.a(fputc.o)
 .comment       0x00000012       0x13 C:/avr-gcc-13.2.0-x64-windows/bin/../lib/gcc/avr/13.2.0/../../../../avr/lib/avr5\libc.a(iob.o)
 .comment       0x00000012       0x13 C:/avr-gcc-13.2.0-x64-windows/bin/../lib/gcc/avr/13.2.0/../../../../avr/lib/avr5\libc.a(printf.o)
 .comment       0x00000012       0x13 C:/avr-gcc-13.2.0-x64-windows/bin/../lib/gcc/avr/13.2.0/../../../../avr/lib/avr5\libc.a(putchar.o)
 .comment       0x00000012       0x13 C:/avr-gcc-13.2.0-x64-windows/bin/../lib/gcc/avr/13.2.0/../../../../avr/lib/avr5\libc.a(puts.o)

.note.gnu.avr.deviceinfo
                0x00000000       0x40
 .note.gnu.avr.deviceinfo
                0x00000000       0x40 C:/avr-gcc-13.2.0-x64-windows/bin/../lib/gcc/avr/13.2.0/../../../../avr/lib/avr5/crtatmega328p.o

.gnu.build.attributes
 *(.gnu.build.attributes .gnu.build.attributes.*)

.note.gnu.build-id
 *(.note.gnu.build-id)

.debug
 *(.debug)

.line
 *(.line)

.debug_srcinfo
 *(.debug_srcinfo)

.debug_sfnames
 *(.debug_sfnames)

.debug_aranges  0x00000000      0x128
 *(.debug_aranges)
 .debug_aranges
                0x00000000       0x28 Lab6.o
 .debug_aranges
                0x00000028       0x20 usart.o
 .debug_aranges
                0x00000048       0x20 lcd.o
 .debug_aranges
                0x00000068       0x20 SoftwareUart.o
 .debug_aranges
                0x00000088       0x20 C:/avr-gcc-13.2.0-x64-windows/bin/../lib/gcc/avr/13.2.0/avr5\libgcc.a(_exit.o)
 .debug_aranges
                0x000000a8       0x20 C:/avr-gcc-13.2.0-x64-windows/bin/../lib/gcc/avr/13.2.0/avr5\libgcc.a(_copy_data.o)
 .debug_aranges
                0x000000c8       0x20 C:/avr-gcc-13.2.0-x64-windows/bin/../lib/gcc/avr/13.2.0/avr5\libgcc.a(_clear_bss.o)
 .debug_aranges
                0x000000e8       0x20 C:/avr-gcc-13.2.0-x64-windows/bin/../lib/gcc/avr/13.2.0/avr5\libgcc.a(_prologue.o)
 .debug_aranges
                0x00000108       0x20 C:/avr-gcc-13.2.0-x64-windows/bin/../lib/gcc/avr/13.2.0/avr5\libgcc.a(_epilogue.o)

.debug_pubnames
 *(.debug_pubnames)

.debug_info     0x00000000     0x1890
 *(.debug_info .gnu.linkonce.wi.*)
 .debug_info    0x00000000      0x5f4 C:/avr-gcc-13.2.0-x64-windows/bin/../lib/gcc/avr/13.2.0/../../../../avr/lib/avr5/crtatmega328p.o
 .debug_info    0x000005f4      0x676 Lab6.o
 .debug_info    0x00000c6a      0x2ce usart.o
 .debug_info    0x00000f38      0x4ab lcd.o
 .debug_info    0x000013e3      0x3f9 SoftwareUart.o
 .debug_info    0x000017dc       0x24 C:/avr-gcc-13.2.0-x64-windows/bin/../lib/gcc/avr/13.2.0/avr5\libgcc.a(_exit.o)
 .debug_info    0x00001800       0x24 C:/avr-gcc-13.2.0-x64-windows/bin/../lib/gcc/avr/13.2.0/avr5\libgcc.a(_copy_data.o)
 .debug_info    0x00001824       0x24 C:/avr-gcc-13.2.0-x64-windows/bin/../lib/gcc/avr/13.2.0/avr5\libgcc.a(_clear_bss.o)
 .debug_info    0x00001848       0x24 C:/avr-gcc-13.2.0-x64-windows/bin/../lib/gcc/avr/13.2.0/avr5\libgcc.a(_prologue.o)
 .debug_info    0x0000186c       0x24 C:/avr-gcc-13.2.0-x64-windows/bin/../lib/gcc/avr/13.2.0/avr5\libgcc.a(_epilogue.o)

.debug_abbrev   0x00000000      0xdcd
 *(.debug_abbrev)
 .debug_abbrev  0x00000000      0x5a2 C:/avr-gcc-13.2.0-x64-windows/bin/../lib/gcc/avr/13.2.0/../../../../avr/lib/avr5/crtatmega328p.o
 .debug_abbrev  0x000005a2      0x214 Lab6.o
 .debug_abbrev  0x000007b6      0x1ca usart.o
 .debug_abbrev  0x00000980      0x1c8 lcd.o
 .debug_abbrev  0x00000b48      0x221 SoftwareUart.o
 .debug_abbrev  0x00000d69       0x14 C:/avr-gcc-13.2.0-x64-windows/bin/../lib/gcc/avr/13.2.0/avr5\libgcc.a(_exit.o)
 .debug_abbrev  0x00000d7d       0x14 C:/avr-gcc-13.2.0-x64-windows/bin/../lib/gcc/avr/13.2.0/avr5\libgcc.a(_copy_data.o)
 .debug_abbrev  0x00000d91       0x14 C:/avr-gcc-13.2.0-x64-windows/bin/../lib/gcc/avr/13.2.0/avr5\libgcc.a(_clear_bss.o)
 .debug_abbrev  0x00000da5       0x14 C:/avr-gcc-13.2.0-x64-windows/bin/../lib/gcc/avr/13.2.0/avr5\libgcc.a(_prologue.o)
 .debug_abbrev  0x00000db9       0x14 C:/avr-gcc-13.2.0-x64-windows/bin/../lib/gcc/avr/13.2.0/avr5\libgcc.a(_epilogue.o)

.debug_line     0x00000000     0x19a1
 *(.debug_line .debug_line.* .debug_line_end)
 .debug_line    0x00000000       0x1d C:/avr-gcc-13.2.0-x64-windows/bin/../lib/gcc/avr/13.2.0/../../../../avr/lib/avr5/crtatmega328p.o
 .debug_line    0x0000001d      0x87f Lab6.o
 .debug_line    0x0000089c      0x32b usart.o
 .debug_line    0x00000bc7      0x53a lcd.o
 .debug_line    0x00001101      0x57f SoftwareUart.o
 .debug_line    0x00001680       0x51 C:/avr-gcc-13.2.0-x64-windows/bin/../lib/gcc/avr/13.2.0/avr5\libgcc.a(_exit.o)
 .debug_line    0x000016d1       0x87 C:/avr-gcc-13.2.0-x64-windows/bin/../lib/gcc/avr/13.2.0/avr5\libgcc.a(_copy_data.o)
 .debug_line    0x00001758       0x75 C:/avr-gcc-13.2.0-x64-windows/bin/../lib/gcc/avr/13.2.0/avr5\libgcc.a(_clear_bss.o)
 .debug_line    0x000017cd       0xed C:/avr-gcc-13.2.0-x64-windows/bin/../lib/gcc/avr/13.2.0/avr5\libgcc.a(_prologue.o)
 .debug_line    0x000018ba       0xe7 C:/avr-gcc-13.2.0-x64-windows/bin/../lib/gcc/avr/13.2.0/avr5\libgcc.a(_epilogue.o)

.debug_frame    0x00000000      0x2a0
 *(.debug_frame)
 .debug_frame   0x00000000       0xb4 Lab6.o
 .debug_frame   0x000000b4       0xbc usart.o
 .debug_frame   0x00000170       0x98 lcd.o
 .debug_frame   0x00000208       0x98 SoftwareUart.o

.debug_str      0x00000000      0x592
 *(.debug_str)
 .debug_str     0x00000000      0x20b C:/avr-gcc-13.2.0-x64-windows/bin/../lib/gcc/avr/13.2.0/../../../../avr/lib/avr5/crtatmega328p.o
 .debug_str     0x0000020b      0x387 Lab6.o
                                0x218 (size before relaxing)
 .debug_str     0x00000592      0x17f usart.o
 .debug_str     0x00000592      0x190 lcd.o
 .debug_str     0x00000592      0x19a SoftwareUart.o
 .debug_str     0x00000592       0x68 C:/avr-gcc-13.2.0-x64-windows/bin/../lib/gcc/avr/13.2.0/avr5\libgcc.a(_exit.o)
 .debug_str     0x00000592       0x68 C:/avr-gcc-13.2.0-x64-windows/bin/../lib/gcc/avr/13.2.0/avr5\libgcc.a(_copy_data.o)
 .debug_str     0x00000592       0x68 C:/avr-gcc-13.2.0-x64-windows/bin/../lib/gcc/avr/13.2.0/avr5\libgcc.a(_clear_bss.o)
 .debug_str     0x00000592       0x68 C:/avr-gcc-13.2.0-x64-windows/bin/../lib/gcc/avr/13.2.0/avr5\libgcc.a(_prologue.o)
 .debug_str     0x00000592       0x68 C:/avr-gcc-13.2.0-x64-windows/bin/../lib/gcc/avr/13.2.0/avr5\libgcc.a(_epilogue.o)

.debug_loc
 *(.debug_loc)

.debug_macinfo
 *(.debug_macinfo)

.debug_weaknames
 *(.debug_weaknames)

.debug_funcnames
 *(.debug_funcnames)

.debug_typenames
 *(.debug_typenames)

.debug_varnames
 *(.debug_varnames)

.debug_pubtypes
 *(.debug_pubtypes)

.debug_ranges
 *(.debug_ranges)

.debug_addr
 *(.debug_addr)

.debug_line_str
                0x00000000      0x152
 *(.debug_line_str)
 .debug_line_str
                0x00000000      0x152 Lab6.o
                                 0xd7 (size before relaxing)
 .debug_line_str
                0x00000152       0xaf usart.o
 .debug_line_str
                0x00000152       0xdf lcd.o
 .debug_line_str
                0x00000152      0x105 SoftwareUart.o
 .debug_line_str
                0x00000152       0x5c C:/avr-gcc-13.2.0-x64-windows/bin/../lib/gcc/avr/13.2.0/avr5\libgcc.a(_exit.o)
 .debug_line_str
                0x00000152       0x5c C:/avr-gcc-13.2.0-x64-windows/bin/../lib/gcc/avr/13.2.0/avr5\libgcc.a(_copy_data.o)
 .debug_line_str
                0x00000152       0x5c C:/avr-gcc-13.2.0-x64-windows/bin/../lib/gcc/avr/13.2.0/avr5\libgcc.a(_clear_bss.o)
 .debug_line_str
                0x00000152       0x5c C:/avr-gcc-13.2.0-x64-windows/bin/../lib/gcc/avr/13.2.0/avr5\libgcc.a(_prologue.o)
 .debug_line_str
                0x00000152       0x5c C:/avr-gcc-13.2.0-x64-windows/bin/../lib/gcc/avr/13.2.0/avr5\libgcc.a(_epilogue.o)

.debug_loclists
                0x00000000      0x7f2
 *(.debug_loclists)
 .debug_loclists
                0x00000000      0x244 Lab6.o
 .debug_loclists
                0x00000244      0x154 usart.o
 .debug_loclists
                0x00000398      0x226 lcd.o
 .debug_loclists
                0x000005be      0x234 SoftwareUart.o

.debug_macro
 *(.debug_macro)

.debug_names
 *(.debug_names)

.debug_rnglists
                0x00000000       0x54
 *(.debug_rnglists)
 .debug_rnglists
                0x00000000       0x2a Lab6.o
 .debug_rnglists
                0x0000002a       0x2a SoftwareUart.o

.debug_str_offsets
 *(.debug_str_offsets)

.debug_sup
 *(.debug_sup)
OUTPUT(Lab6.elf elf32-avr)
LOAD linker stubs
