Archive member included to satisfy reference by file (symbol)

C:/ATmega/avr-gcc-13.2.0-x64-windows/bin/../lib/gcc/avr/13.2.0/../../../../avr/lib/avr5\libprintf_flt.a(vfprintf_flt.o)
                              (vfprintf)
C:/ATmega/avr-gcc-13.2.0-x64-windows/bin/../lib/gcc/avr/13.2.0/../../../../avr/lib/avr5\libm.a(divsf3.o)
                              Lab6.o (__divsf3)
C:/ATmega/avr-gcc-13.2.0-x64-windows/bin/../lib/gcc/avr/13.2.0/../../../../avr/lib/avr5\libm.a(divsf3x.o)
                              C:/ATmega/avr-gcc-13.2.0-x64-windows/bin/../lib/gcc/avr/13.2.0/../../../../avr/lib/avr5\libm.a(divsf3.o) (__divsf3x)
C:/ATmega/avr-gcc-13.2.0-x64-windows/bin/../lib/gcc/avr/13.2.0/../../../../avr/lib/avr5\libm.a(floatsisf.o)
                              Lab6.o (__floatsisf)
C:/ATmega/avr-gcc-13.2.0-x64-windows/bin/../lib/gcc/avr/13.2.0/../../../../avr/lib/avr5\libm.a(fp_inf.o)
                              C:/ATmega/avr-gcc-13.2.0-x64-windows/bin/../lib/gcc/avr/13.2.0/../../../../avr/lib/avr5\libm.a(divsf3x.o) (__fp_inf)
C:/ATmega/avr-gcc-13.2.0-x64-windows/bin/../lib/gcc/avr/13.2.0/../../../../avr/lib/avr5\libm.a(fp_nan.o)
                              C:/ATmega/avr-gcc-13.2.0-x64-windows/bin/../lib/gcc/avr/13.2.0/../../../../avr/lib/avr5\libm.a(divsf3x.o) (__fp_nan)
C:/ATmega/avr-gcc-13.2.0-x64-windows/bin/../lib/gcc/avr/13.2.0/../../../../avr/lib/avr5\libm.a(fp_pscA.o)
                              C:/ATmega/avr-gcc-13.2.0-x64-windows/bin/../lib/gcc/avr/13.2.0/../../../../avr/lib/avr5\libm.a(divsf3x.o) (__fp_pscA)
C:/ATmega/avr-gcc-13.2.0-x64-windows/bin/../lib/gcc/avr/13.2.0/../../../../avr/lib/avr5\libm.a(fp_pscB.o)
                              C:/ATmega/avr-gcc-13.2.0-x64-windows/bin/../lib/gcc/avr/13.2.0/../../../../avr/lib/avr5\libm.a(divsf3x.o) (__fp_pscB)
C:/ATmega/avr-gcc-13.2.0-x64-windows/bin/../lib/gcc/avr/13.2.0/../../../../avr/lib/avr5\libm.a(fp_round.o)
                              C:/ATmega/avr-gcc-13.2.0-x64-windows/bin/../lib/gcc/avr/13.2.0/../../../../avr/lib/avr5\libm.a(divsf3.o) (__fp_round)
C:/ATmega/avr-gcc-13.2.0-x64-windows/bin/../lib/gcc/avr/13.2.0/../../../../avr/lib/avr5\libm.a(fp_split3.o)
                              C:/ATmega/avr-gcc-13.2.0-x64-windows/bin/../lib/gcc/avr/13.2.0/../../../../avr/lib/avr5\libm.a(divsf3x.o) (__fp_split3)
C:/ATmega/avr-gcc-13.2.0-x64-windows/bin/../lib/gcc/avr/13.2.0/../../../../avr/lib/avr5\libm.a(fp_zero.o)
                              C:/ATmega/avr-gcc-13.2.0-x64-windows/bin/../lib/gcc/avr/13.2.0/../../../../avr/lib/avr5\libm.a(divsf3x.o) (__fp_szero)
C:/ATmega/avr-gcc-13.2.0-x64-windows/bin/../lib/gcc/avr/13.2.0/../../../../avr/lib/avr5\libm.a(mulsf3.o)
                              Lab6.o (__mulsf3)
C:/ATmega/avr-gcc-13.2.0-x64-windows/bin/../lib/gcc/avr/13.2.0/../../../../avr/lib/avr5\libm.a(mulsf3x.o)
                              C:/ATmega/avr-gcc-13.2.0-x64-windows/bin/../lib/gcc/avr/13.2.0/../../../../avr/lib/avr5\libm.a(mulsf3.o) (__mulsf3x)
C:/ATmega/avr-gcc-13.2.0-x64-windows/bin/../lib/gcc/avr/13.2.0/avr5\libgcc.a(_exit.o)
                              C:/ATmega/avr-gcc-13.2.0-x64-windows/bin/../lib/gcc/avr/13.2.0/../../../../avr/lib/avr5/crtatmega328p.o (exit)
C:/ATmega/avr-gcc-13.2.0-x64-windows/bin/../lib/gcc/avr/13.2.0/avr5\libgcc.a(_copy_data.o)
                              Lab6.o (__do_copy_data)
C:/ATmega/avr-gcc-13.2.0-x64-windows/bin/../lib/gcc/avr/13.2.0/avr5\libgcc.a(_clear_bss.o)
                              Lab6.o (__do_clear_bss)
C:/ATmega/avr-gcc-13.2.0-x64-windows/bin/../lib/gcc/avr/13.2.0/avr5\libgcc.a(_prologue.o)
                              C:/ATmega/avr-gcc-13.2.0-x64-windows/bin/../lib/gcc/avr/13.2.0/../../../../avr/lib/avr5\libprintf_flt.a(vfprintf_flt.o) (__prologue_saves__)
C:/ATmega/avr-gcc-13.2.0-x64-windows/bin/../lib/gcc/avr/13.2.0/avr5\libgcc.a(_epilogue.o)
                              C:/ATmega/avr-gcc-13.2.0-x64-windows/bin/../lib/gcc/avr/13.2.0/../../../../avr/lib/avr5\libprintf_flt.a(vfprintf_flt.o) (__epilogue_restores__)
C:/ATmega/avr-gcc-13.2.0-x64-windows/bin/../lib/gcc/avr/13.2.0/../../../../avr/lib/avr5\libc.a(ftoa_engine.o)
                              C:/ATmega/avr-gcc-13.2.0-x64-windows/bin/../lib/gcc/avr/13.2.0/../../../../avr/lib/avr5\libprintf_flt.a(vfprintf_flt.o) (__ftoa_engine)
C:/ATmega/avr-gcc-13.2.0-x64-windows/bin/../lib/gcc/avr/13.2.0/../../../../avr/lib/avr5\libc.a(strnlen_P.o)
                              C:/ATmega/avr-gcc-13.2.0-x64-windows/bin/../lib/gcc/avr/13.2.0/../../../../avr/lib/avr5\libprintf_flt.a(vfprintf_flt.o) (strnlen_P)
C:/ATmega/avr-gcc-13.2.0-x64-windows/bin/../lib/gcc/avr/13.2.0/../../../../avr/lib/avr5\libc.a(strnlen.o)
                              C:/ATmega/avr-gcc-13.2.0-x64-windows/bin/../lib/gcc/avr/13.2.0/../../../../avr/lib/avr5\libprintf_flt.a(vfprintf_flt.o) (strnlen)
C:/ATmega/avr-gcc-13.2.0-x64-windows/bin/../lib/gcc/avr/13.2.0/../../../../avr/lib/avr5\libc.a(fputc.o)
                              C:/ATmega/avr-gcc-13.2.0-x64-windows/bin/../lib/gcc/avr/13.2.0/../../../../avr/lib/avr5\libprintf_flt.a(vfprintf_flt.o) (fputc)
C:/ATmega/avr-gcc-13.2.0-x64-windows/bin/../lib/gcc/avr/13.2.0/../../../../avr/lib/avr5\libc.a(iob.o)
                              usart.o (__iob)
C:/ATmega/avr-gcc-13.2.0-x64-windows/bin/../lib/gcc/avr/13.2.0/../../../../avr/lib/avr5\libc.a(printf.o)
                              Lab6.o (printf)
C:/ATmega/avr-gcc-13.2.0-x64-windows/bin/../lib/gcc/avr/13.2.0/../../../../avr/lib/avr5\libc.a(puts.o)
                              Lab6.o (puts)
C:/ATmega/avr-gcc-13.2.0-x64-windows/bin/../lib/gcc/avr/13.2.0/../../../../avr/lib/avr5\libc.a(ultoa_invert.o)
                              C:/ATmega/avr-gcc-13.2.0-x64-windows/bin/../lib/gcc/avr/13.2.0/../../../../avr/lib/avr5\libprintf_flt.a(vfprintf_flt.o) (__ultoa_invert)

There are no discarded input sections

Memory Configuration

Name             Origin             Length             Attributes
text             0x00000000         0x00020000         xr
data             0x00800060         0x0000ffa0         rw!x
eeprom           0x00810000         0x00010000         rw!x
fuse             0x00820000         0x00000003         rw!x
lock             0x00830000         0x00000400         rw!x
signature        0x00840000         0x00000400         rw!x
user_signatures  0x00850000         0x00000400         rw!x
*default*        0x00000000         0xffffffff

Linker script and memory map

Address of section .data set to 0x800100
LOAD C:/ATmega/avr-gcc-13.2.0-x64-windows/bin/../lib/gcc/avr/13.2.0/../../../../avr/lib/avr5/crtatmega328p.o
LOAD Lab6.o
LOAD usart.o
LOAD C:/ATmega/avr-gcc-13.2.0-x64-windows/bin/../lib/gcc/avr/13.2.0/../../../../avr/lib/avr5\libprintf_flt.a
LOAD C:/ATmega/avr-gcc-13.2.0-x64-windows/bin/../lib/gcc/avr/13.2.0/../../../../avr/lib/avr5\libm.a
START GROUP
LOAD C:/ATmega/avr-gcc-13.2.0-x64-windows/bin/../lib/gcc/avr/13.2.0/avr5\libgcc.a
LOAD C:/ATmega/avr-gcc-13.2.0-x64-windows/bin/../lib/gcc/avr/13.2.0/../../../../avr/lib/avr5\libm.a
LOAD C:/ATmega/avr-gcc-13.2.0-x64-windows/bin/../lib/gcc/avr/13.2.0/../../../../avr/lib/avr5\libc.a
LOAD C:/ATmega/avr-gcc-13.2.0-x64-windows/bin/../lib/gcc/avr/13.2.0/../../../../avr/lib/avr5\libatmega328p.a
END GROUP
                0x00020000                        __TEXT_REGION_LENGTH__ = DEFINED (__TEXT_REGION_LENGTH__)?__TEXT_REGION_LENGTH__:0x20000
                0x00800060                        __DATA_REGION_ORIGIN__ = DEFINED (__DATA_REGION_ORIGIN__)?__DATA_REGION_ORIGIN__:0x800060
                0x0000ffa0                        __DATA_REGION_LENGTH__ = DEFINED (__DATA_REGION_LENGTH__)?__DATA_REGION_LENGTH__:0xffa0
                0x00010000                        __EEPROM_REGION_LENGTH__ = DEFINED (__EEPROM_REGION_LENGTH__)?__EEPROM_REGION_LENGTH__:0x10000
                [0x00000003]                      __FUSE_REGION_LENGTH__ = DEFINED (__FUSE_REGION_LENGTH__)?__FUSE_REGION_LENGTH__:0x400
                0x00000400                        __LOCK_REGION_LENGTH__ = DEFINED (__LOCK_REGION_LENGTH__)?__LOCK_REGION_LENGTH__:0x400
                0x00000400                        __SIGNATURE_REGION_LENGTH__ = DEFINED (__SIGNATURE_REGION_LENGTH__)?__SIGNATURE_REGION_LENGTH__:0x400
                0x00000400                        __USER_SIGNATURE_REGION_LENGTH__ = DEFINED (__USER_SIGNATURE_REGION_LENGTH__)?__USER_SIGNATURE_REGION_LENGTH__:0x400

.hash
 *(.hash)

.dynsym
 *(.dynsym)

.dynstr
 *(.dynstr)

.gnu.version
 *(.gnu.version)

.gnu.version_d
 *(.gnu.version_d)

.gnu.version_r
 *(.gnu.version_r)

.rel.init
 *(.rel.init)

.rela.init
 *(.rela.init)

.rel.text
 *(.rel.text)
 *(.rel.text.*)
 *(.rel.gnu.linkonce.t*)

.rela.text
 *(.rela.text)
 *(.rela.text.*)
 *(.rela.gnu.linkonce.t*)

.rel.fini
 *(.rel.fini)

.rela.fini
 *(.rela.fini)

.rel.rodata
 *(.rel.rodata)
 *(.rel.rodata.*)
 *(.rel.gnu.linkonce.r*)

.rela.rodata
 *(.rela.rodata)
 *(.rela.rodata.*)
 *(.rela.gnu.linkonce.r*)

.rel.data
 *(.rel.data)
 *(.rel.data.*)
 *(.rel.gnu.linkonce.d*)

.rela.data
 *(.rela.data)
 *(.rela.data.*)
 *(.rela.gnu.linkonce.d*)

.rel.ctors
 *(.rel.ctors)

.rela.ctors
 *(.rela.ctors)

.rel.dtors
 *(.rel.dtors)

.rela.dtors
 *(.rela.dtors)

.rel.got
 *(.rel.got)

.rela.got
 *(.rela.got)

.rel.bss
 *(.rel.bss)

.rela.bss
 *(.rela.bss)

.rel.plt
 *(.rel.plt)

.rela.plt
 *(.rela.plt)

.text           0x00000000     0x123e
 *(.vectors)
 .vectors       0x00000000       0x68 C:/ATmega/avr-gcc-13.2.0-x64-windows/bin/../lib/gcc/avr/13.2.0/../../../../avr/lib/avr5/crtatmega328p.o
                0x00000000                __vector_default
                0x00000000                __vectors
 *(.vectors)
 *(.progmem.gcc*)
                0x00000068                        . = ALIGN (0x2)
                0x00000068                        __trampolines_start = .
 *(.trampolines)
 .trampolines   0x00000068        0x0 linker stubs
 *(.trampolines*)
                0x00000068                        __trampolines_end = .
 *libprintf_flt.a:*(.progmem.data)
 .progmem.data  0x00000068        0x8 C:/ATmega/avr-gcc-13.2.0-x64-windows/bin/../lib/gcc/avr/13.2.0/../../../../avr/lib/avr5\libprintf_flt.a(vfprintf_flt.o)
 *libc.a:*(.progmem.data)
 .progmem.data  0x00000070       0xfa C:/ATmega/avr-gcc-13.2.0-x64-windows/bin/../lib/gcc/avr/13.2.0/../../../../avr/lib/avr5\libc.a(ftoa_engine.o)
 *(.progmem.*)
                0x0000016a                        . = ALIGN (0x2)
 *(.lowtext)
 *(.lowtext*)
                0x0000016a                        __ctors_start = .
 *(.ctors)
                0x0000016a                        __ctors_end = .
                0x0000016a                        __dtors_start = .
 *(.dtors)
                0x0000016a                        __dtors_end = .
 SORT_BY_NAME(*)(.ctors)
 SORT_BY_NAME(*)(.dtors)
 *(.init0)
 .init0         0x0000016a        0x0 C:/ATmega/avr-gcc-13.2.0-x64-windows/bin/../lib/gcc/avr/13.2.0/../../../../avr/lib/avr5/crtatmega328p.o
                0x0000016a                __init
 *(.init0)
 *(.init1)
 *(.init1)
 *(.init2)
 .init2         0x0000016a        0xc C:/ATmega/avr-gcc-13.2.0-x64-windows/bin/../lib/gcc/avr/13.2.0/../../../../avr/lib/avr5/crtatmega328p.o
 *(.init2)
 *(.init3)
 *(.init3)
 *(.init4)
 .init4         0x00000176       0x16 C:/ATmega/avr-gcc-13.2.0-x64-windows/bin/../lib/gcc/avr/13.2.0/avr5\libgcc.a(_copy_data.o)
                0x00000176                __do_copy_data
 .init4         0x0000018c       0x10 C:/ATmega/avr-gcc-13.2.0-x64-windows/bin/../lib/gcc/avr/13.2.0/avr5\libgcc.a(_clear_bss.o)
                0x0000018c                __do_clear_bss
 *(.init4)
 *(.init5)
 *(.init5)
 *(.init6)
 *(.init6)
 *(.init7)
 *(.init7)
 *(.init8)
 *(.init8)
 *(.init9)
 .init9         0x0000019c        0x8 C:/ATmega/avr-gcc-13.2.0-x64-windows/bin/../lib/gcc/avr/13.2.0/../../../../avr/lib/avr5/crtatmega328p.o
 *(.init9)
 *(.text)
 .text          0x000001a4        0x4 C:/ATmega/avr-gcc-13.2.0-x64-windows/bin/../lib/gcc/avr/13.2.0/../../../../avr/lib/avr5/crtatmega328p.o
                0x000001a4                __vector_22
                0x000001a4                __vector_1
                0x000001a4                __vector_24
                0x000001a4                __vector_12
                0x000001a4                __bad_interrupt
                0x000001a4                __vector_6
                0x000001a4                __vector_3
                0x000001a4                __vector_23
                0x000001a4                __vector_25
                0x000001a4                __vector_11
                0x000001a4                __vector_13
                0x000001a4                __vector_17
                0x000001a4                __vector_19
                0x000001a4                __vector_7
                0x000001a4                __vector_5
                0x000001a4                __vector_4
                0x000001a4                __vector_9
                0x000001a4                __vector_2
                0x000001a4                __vector_21
                0x000001a4                __vector_15
                0x000001a4                __vector_8
                0x000001a4                __vector_14
                0x000001a4                __vector_10
                0x000001a4                __vector_16
                0x000001a4                __vector_18
                0x000001a4                __vector_20
 .text          0x000001a8       0xec Lab6.o
                0x000001a8                wait_1ms
                0x000001c4                waitms
                0x000001dc                GetPeriod
 .text          0x00000294       0xe8 usart.o
                0x00000294                usart_init
                0x000002d0                usart_putchar
                0x000002de                usart_putchar_printf
                0x000002fa                usart_getchar
                0x00000308                usart_kbhit
                0x00000314                usart_pstr
                0x0000032c                usart_gets
 .text          0x0000037c        0x0 C:/ATmega/avr-gcc-13.2.0-x64-windows/bin/../lib/gcc/avr/13.2.0/../../../../avr/lib/avr5\libprintf_flt.a(vfprintf_flt.o)
 .text          0x0000037c        0x0 C:/ATmega/avr-gcc-13.2.0-x64-windows/bin/../lib/gcc/avr/13.2.0/../../../../avr/lib/avr5\libm.a(divsf3.o)
 .text          0x0000037c        0x0 C:/ATmega/avr-gcc-13.2.0-x64-windows/bin/../lib/gcc/avr/13.2.0/../../../../avr/lib/avr5\libm.a(divsf3x.o)
 .text          0x0000037c        0x0 C:/ATmega/avr-gcc-13.2.0-x64-windows/bin/../lib/gcc/avr/13.2.0/../../../../avr/lib/avr5\libm.a(floatsisf.o)
 .text          0x0000037c        0x0 C:/ATmega/avr-gcc-13.2.0-x64-windows/bin/../lib/gcc/avr/13.2.0/../../../../avr/lib/avr5\libm.a(fp_inf.o)
 .text          0x0000037c        0x0 C:/ATmega/avr-gcc-13.2.0-x64-windows/bin/../lib/gcc/avr/13.2.0/../../../../avr/lib/avr5\libm.a(fp_nan.o)
 .text          0x0000037c        0x0 C:/ATmega/avr-gcc-13.2.0-x64-windows/bin/../lib/gcc/avr/13.2.0/../../../../avr/lib/avr5\libm.a(fp_pscA.o)
 .text          0x0000037c        0x0 C:/ATmega/avr-gcc-13.2.0-x64-windows/bin/../lib/gcc/avr/13.2.0/../../../../avr/lib/avr5\libm.a(fp_pscB.o)
 .text          0x0000037c        0x0 C:/ATmega/avr-gcc-13.2.0-x64-windows/bin/../lib/gcc/avr/13.2.0/../../../../avr/lib/avr5\libm.a(fp_round.o)
 .text          0x0000037c        0x0 C:/ATmega/avr-gcc-13.2.0-x64-windows/bin/../lib/gcc/avr/13.2.0/../../../../avr/lib/avr5\libm.a(fp_split3.o)
 .text          0x0000037c        0x0 C:/ATmega/avr-gcc-13.2.0-x64-windows/bin/../lib/gcc/avr/13.2.0/../../../../avr/lib/avr5\libm.a(fp_zero.o)
 .text          0x0000037c        0x0 C:/ATmega/avr-gcc-13.2.0-x64-windows/bin/../lib/gcc/avr/13.2.0/../../../../avr/lib/avr5\libm.a(mulsf3.o)
 .text          0x0000037c        0x0 C:/ATmega/avr-gcc-13.2.0-x64-windows/bin/../lib/gcc/avr/13.2.0/../../../../avr/lib/avr5\libm.a(mulsf3x.o)
 .text          0x0000037c        0x0 C:/ATmega/avr-gcc-13.2.0-x64-windows/bin/../lib/gcc/avr/13.2.0/avr5\libgcc.a(_exit.o)
 .text          0x0000037c        0x0 C:/ATmega/avr-gcc-13.2.0-x64-windows/bin/../lib/gcc/avr/13.2.0/avr5\libgcc.a(_copy_data.o)
 .text          0x0000037c        0x0 C:/ATmega/avr-gcc-13.2.0-x64-windows/bin/../lib/gcc/avr/13.2.0/avr5\libgcc.a(_clear_bss.o)
 .text          0x0000037c        0x0 C:/ATmega/avr-gcc-13.2.0-x64-windows/bin/../lib/gcc/avr/13.2.0/avr5\libgcc.a(_prologue.o)
 .text          0x0000037c        0x0 C:/ATmega/avr-gcc-13.2.0-x64-windows/bin/../lib/gcc/avr/13.2.0/avr5\libgcc.a(_epilogue.o)
 .text          0x0000037c        0x0 C:/ATmega/avr-gcc-13.2.0-x64-windows/bin/../lib/gcc/avr/13.2.0/../../../../avr/lib/avr5\libc.a(ftoa_engine.o)
 .text          0x0000037c        0x0 C:/ATmega/avr-gcc-13.2.0-x64-windows/bin/../lib/gcc/avr/13.2.0/../../../../avr/lib/avr5\libc.a(strnlen_P.o)
 .text          0x0000037c        0x0 C:/ATmega/avr-gcc-13.2.0-x64-windows/bin/../lib/gcc/avr/13.2.0/../../../../avr/lib/avr5\libc.a(strnlen.o)
 .text          0x0000037c        0x0 C:/ATmega/avr-gcc-13.2.0-x64-windows/bin/../lib/gcc/avr/13.2.0/../../../../avr/lib/avr5\libc.a(fputc.o)
 .text          0x0000037c        0x0 C:/ATmega/avr-gcc-13.2.0-x64-windows/bin/../lib/gcc/avr/13.2.0/../../../../avr/lib/avr5\libc.a(iob.o)
 .text          0x0000037c        0x0 C:/ATmega/avr-gcc-13.2.0-x64-windows/bin/../lib/gcc/avr/13.2.0/../../../../avr/lib/avr5\libc.a(printf.o)
 .text          0x0000037c        0x0 C:/ATmega/avr-gcc-13.2.0-x64-windows/bin/../lib/gcc/avr/13.2.0/../../../../avr/lib/avr5\libc.a(puts.o)
 .text          0x0000037c        0x0 C:/ATmega/avr-gcc-13.2.0-x64-windows/bin/../lib/gcc/avr/13.2.0/../../../../avr/lib/avr5\libc.a(ultoa_invert.o)
                0x0000037c                        . = ALIGN (0x2)
 *(.text.*)
 .text.startup  0x0000037c      0x10a Lab6.o
                0x0000037c                main
 .text.avr-libc
                0x00000486      0x6f0 C:/ATmega/avr-gcc-13.2.0-x64-windows/bin/../lib/gcc/avr/13.2.0/../../../../avr/lib/avr5\libprintf_flt.a(vfprintf_flt.o)
                0x00000486                vfprintf
 .text.avr-libc.fplib
                0x00000b76        0x8 C:/ATmega/avr-gcc-13.2.0-x64-windows/bin/../lib/gcc/avr/13.2.0/../../../../avr/lib/avr5\libm.a(divsf3.o)
                0x00000b76                __divsf3
 .text.avr-libc.fplib
                0x00000b7e       0xdc C:/ATmega/avr-gcc-13.2.0-x64-windows/bin/../lib/gcc/avr/13.2.0/../../../../avr/lib/avr5\libm.a(divsf3x.o)
                0x00000b9e                __divsf3x
                0x00000ba4                __divsf3_pse
 .text.avr-libc.fplib
                0x00000c5a       0x7a C:/ATmega/avr-gcc-13.2.0-x64-windows/bin/../lib/gcc/avr/13.2.0/../../../../avr/lib/avr5\libm.a(floatsisf.o)
                0x00000c5a                __floatunsisf
                0x00000c5e                __floatsisf
 .text.avr-libc.fplib
                0x00000cd4        0xc C:/ATmega/avr-gcc-13.2.0-x64-windows/bin/../lib/gcc/avr/13.2.0/../../../../avr/lib/avr5\libm.a(fp_inf.o)
                0x00000cd4                __fp_inf
 .text.avr-libc.fplib
                0x00000ce0        0x6 C:/ATmega/avr-gcc-13.2.0-x64-windows/bin/../lib/gcc/avr/13.2.0/../../../../avr/lib/avr5\libm.a(fp_nan.o)
                0x00000ce0                __fp_nan
 .text.avr-libc.fplib
                0x00000ce6        0xe C:/ATmega/avr-gcc-13.2.0-x64-windows/bin/../lib/gcc/avr/13.2.0/../../../../avr/lib/avr5\libm.a(fp_pscA.o)
                0x00000ce6                __fp_pscA
 .text.avr-libc.fplib
                0x00000cf4        0xe C:/ATmega/avr-gcc-13.2.0-x64-windows/bin/../lib/gcc/avr/13.2.0/../../../../avr/lib/avr5\libm.a(fp_pscB.o)
                0x00000cf4                __fp_pscB
 .text.avr-libc.fplib
                0x00000d02       0x22 C:/ATmega/avr-gcc-13.2.0-x64-windows/bin/../lib/gcc/avr/13.2.0/../../../../avr/lib/avr5\libm.a(fp_round.o)
                0x00000d02                __fp_round
 .text.avr-libc.fplib
                0x00000d24       0x44 C:/ATmega/avr-gcc-13.2.0-x64-windows/bin/../lib/gcc/avr/13.2.0/../../../../avr/lib/avr5\libm.a(fp_split3.o)
                0x00000d24                __fp_split3
                0x00000d34                __fp_splitA
 .text.avr-libc.fplib
                0x00000d68        0xe C:/ATmega/avr-gcc-13.2.0-x64-windows/bin/../lib/gcc/avr/13.2.0/../../../../avr/lib/avr5\libm.a(fp_zero.o)
                0x00000d68                __fp_zero
                0x00000d6a                __fp_szero
 .text.avr-libc.fplib
                0x00000d76        0x8 C:/ATmega/avr-gcc-13.2.0-x64-windows/bin/../lib/gcc/avr/13.2.0/../../../../avr/lib/avr5\libm.a(mulsf3.o)
                0x00000d76                __mulsf3
 .text.avr-libc.fplib
                0x00000d7e       0xd2 C:/ATmega/avr-gcc-13.2.0-x64-windows/bin/../lib/gcc/avr/13.2.0/../../../../avr/lib/avr5\libm.a(mulsf3x.o)
                0x00000d9c                __mulsf3x
                0x00000da2                __mulsf3_pse
 .text.libgcc.mul
                0x00000e50        0x0 C:/ATmega/avr-gcc-13.2.0-x64-windows/bin/../lib/gcc/avr/13.2.0/avr5\libgcc.a(_exit.o)
 .text.libgcc.div
                0x00000e50        0x0 C:/ATmega/avr-gcc-13.2.0-x64-windows/bin/../lib/gcc/avr/13.2.0/avr5\libgcc.a(_exit.o)
 .text.libgcc   0x00000e50        0x0 C:/ATmega/avr-gcc-13.2.0-x64-windows/bin/../lib/gcc/avr/13.2.0/avr5\libgcc.a(_exit.o)
 .text.libgcc.prologue
                0x00000e50        0x0 C:/ATmega/avr-gcc-13.2.0-x64-windows/bin/../lib/gcc/avr/13.2.0/avr5\libgcc.a(_exit.o)
 .text.libgcc.builtins
                0x00000e50        0x0 C:/ATmega/avr-gcc-13.2.0-x64-windows/bin/../lib/gcc/avr/13.2.0/avr5\libgcc.a(_exit.o)
 .text.libgcc.fmul
                0x00000e50        0x0 C:/ATmega/avr-gcc-13.2.0-x64-windows/bin/../lib/gcc/avr/13.2.0/avr5\libgcc.a(_exit.o)
 .text.libgcc.fixed
                0x00000e50        0x0 C:/ATmega/avr-gcc-13.2.0-x64-windows/bin/../lib/gcc/avr/13.2.0/avr5\libgcc.a(_exit.o)
 .text.libgcc.mul
                0x00000e50        0x0 C:/ATmega/avr-gcc-13.2.0-x64-windows/bin/../lib/gcc/avr/13.2.0/avr5\libgcc.a(_copy_data.o)
 .text.libgcc.div
                0x00000e50        0x0 C:/ATmega/avr-gcc-13.2.0-x64-windows/bin/../lib/gcc/avr/13.2.0/avr5\libgcc.a(_copy_data.o)
 .text.libgcc   0x00000e50        0x0 C:/ATmega/avr-gcc-13.2.0-x64-windows/bin/../lib/gcc/avr/13.2.0/avr5\libgcc.a(_copy_data.o)
 .text.libgcc.prologue
                0x00000e50        0x0 C:/ATmega/avr-gcc-13.2.0-x64-windows/bin/../lib/gcc/avr/13.2.0/avr5\libgcc.a(_copy_data.o)
 .text.libgcc.builtins
                0x00000e50        0x0 C:/ATmega/avr-gcc-13.2.0-x64-windows/bin/../lib/gcc/avr/13.2.0/avr5\libgcc.a(_copy_data.o)
 .text.libgcc.fmul
                0x00000e50        0x0 C:/ATmega/avr-gcc-13.2.0-x64-windows/bin/../lib/gcc/avr/13.2.0/avr5\libgcc.a(_copy_data.o)
 .text.libgcc.fixed
                0x00000e50        0x0 C:/ATmega/avr-gcc-13.2.0-x64-windows/bin/../lib/gcc/avr/13.2.0/avr5\libgcc.a(_copy_data.o)
 .text.libgcc.mul
                0x00000e50        0x0 C:/ATmega/avr-gcc-13.2.0-x64-windows/bin/../lib/gcc/avr/13.2.0/avr5\libgcc.a(_clear_bss.o)
 .text.libgcc.div
                0x00000e50        0x0 C:/ATmega/avr-gcc-13.2.0-x64-windows/bin/../lib/gcc/avr/13.2.0/avr5\libgcc.a(_clear_bss.o)
 .text.libgcc   0x00000e50        0x0 C:/ATmega/avr-gcc-13.2.0-x64-windows/bin/../lib/gcc/avr/13.2.0/avr5\libgcc.a(_clear_bss.o)
 .text.libgcc.prologue
                0x00000e50        0x0 C:/ATmega/avr-gcc-13.2.0-x64-windows/bin/../lib/gcc/avr/13.2.0/avr5\libgcc.a(_clear_bss.o)
 .text.libgcc.builtins
                0x00000e50        0x0 C:/ATmega/avr-gcc-13.2.0-x64-windows/bin/../lib/gcc/avr/13.2.0/avr5\libgcc.a(_clear_bss.o)
 .text.libgcc.fmul
                0x00000e50        0x0 C:/ATmega/avr-gcc-13.2.0-x64-windows/bin/../lib/gcc/avr/13.2.0/avr5\libgcc.a(_clear_bss.o)
 .text.libgcc.fixed
                0x00000e50        0x0 C:/ATmega/avr-gcc-13.2.0-x64-windows/bin/../lib/gcc/avr/13.2.0/avr5\libgcc.a(_clear_bss.o)
 .text.libgcc.mul
                0x00000e50        0x0 C:/ATmega/avr-gcc-13.2.0-x64-windows/bin/../lib/gcc/avr/13.2.0/avr5\libgcc.a(_prologue.o)
 .text.libgcc.div
                0x00000e50        0x0 C:/ATmega/avr-gcc-13.2.0-x64-windows/bin/../lib/gcc/avr/13.2.0/avr5\libgcc.a(_prologue.o)
 .text.libgcc   0x00000e50        0x0 C:/ATmega/avr-gcc-13.2.0-x64-windows/bin/../lib/gcc/avr/13.2.0/avr5\libgcc.a(_prologue.o)
 .text.libgcc.prologue
                0x00000e50       0x38 C:/ATmega/avr-gcc-13.2.0-x64-windows/bin/../lib/gcc/avr/13.2.0/avr5\libgcc.a(_prologue.o)
                0x00000e50                __prologue_saves__
 .text.libgcc.builtins
                0x00000e88        0x0 C:/ATmega/avr-gcc-13.2.0-x64-windows/bin/../lib/gcc/avr/13.2.0/avr5\libgcc.a(_prologue.o)
 .text.libgcc.fmul
                0x00000e88        0x0 C:/ATmega/avr-gcc-13.2.0-x64-windows/bin/../lib/gcc/avr/13.2.0/avr5\libgcc.a(_prologue.o)
 .text.libgcc.fixed
                0x00000e88        0x0 C:/ATmega/avr-gcc-13.2.0-x64-windows/bin/../lib/gcc/avr/13.2.0/avr5\libgcc.a(_prologue.o)
 .text.libgcc.mul
                0x00000e88        0x0 C:/ATmega/avr-gcc-13.2.0-x64-windows/bin/../lib/gcc/avr/13.2.0/avr5\libgcc.a(_epilogue.o)
 .text.libgcc.div
                0x00000e88        0x0 C:/ATmega/avr-gcc-13.2.0-x64-windows/bin/../lib/gcc/avr/13.2.0/avr5\libgcc.a(_epilogue.o)
 .text.libgcc   0x00000e88        0x0 C:/ATmega/avr-gcc-13.2.0-x64-windows/bin/../lib/gcc/avr/13.2.0/avr5\libgcc.a(_epilogue.o)
 .text.libgcc.prologue
                0x00000e88       0x36 C:/ATmega/avr-gcc-13.2.0-x64-windows/bin/../lib/gcc/avr/13.2.0/avr5\libgcc.a(_epilogue.o)
                0x00000e88                __epilogue_restores__
 .text.libgcc.builtins
                0x00000ebe        0x0 C:/ATmega/avr-gcc-13.2.0-x64-windows/bin/../lib/gcc/avr/13.2.0/avr5\libgcc.a(_epilogue.o)
 .text.libgcc.fmul
                0x00000ebe        0x0 C:/ATmega/avr-gcc-13.2.0-x64-windows/bin/../lib/gcc/avr/13.2.0/avr5\libgcc.a(_epilogue.o)
 .text.libgcc.fixed
                0x00000ebe        0x0 C:/ATmega/avr-gcc-13.2.0-x64-windows/bin/../lib/gcc/avr/13.2.0/avr5\libgcc.a(_epilogue.o)
 .text.avr-libc
                0x00000ebe      0x1b0 C:/ATmega/avr-gcc-13.2.0-x64-windows/bin/../lib/gcc/avr/13.2.0/../../../../avr/lib/avr5\libc.a(ftoa_engine.o)
                0x00000ebe                __ftoa_engine
 .text.avr-libc
                0x0000106e       0x16 C:/ATmega/avr-gcc-13.2.0-x64-windows/bin/../lib/gcc/avr/13.2.0/../../../../avr/lib/avr5\libc.a(strnlen_P.o)
                0x0000106e                strnlen_P
 .text.avr-libc
                0x00001084       0x16 C:/ATmega/avr-gcc-13.2.0-x64-windows/bin/../lib/gcc/avr/13.2.0/../../../../avr/lib/avr5\libc.a(strnlen.o)
                0x00001084                strnlen
 .text.avr-libc
                0x0000109a       0x60 C:/ATmega/avr-gcc-13.2.0-x64-windows/bin/../lib/gcc/avr/13.2.0/../../../../avr/lib/avr5\libc.a(fputc.o)
                0x0000109a                fputc
 .text.avr-libc
                0x000010fa       0x2c C:/ATmega/avr-gcc-13.2.0-x64-windows/bin/../lib/gcc/avr/13.2.0/../../../../avr/lib/avr5\libc.a(printf.o)
                0x000010fa                printf
 .text.avr-libc
                0x00001126       0x58 C:/ATmega/avr-gcc-13.2.0-x64-windows/bin/../lib/gcc/avr/13.2.0/../../../../avr/lib/avr5\libc.a(puts.o)
                0x00001126                puts
 .text.avr-libc
                0x0000117e       0xbc C:/ATmega/avr-gcc-13.2.0-x64-windows/bin/../lib/gcc/avr/13.2.0/../../../../avr/lib/avr5\libc.a(ultoa_invert.o)
                0x0000117e                __ultoa_invert
                0x0000123a                        . = ALIGN (0x2)
 *(.fini9)
 .fini9         0x0000123a        0x0 C:/ATmega/avr-gcc-13.2.0-x64-windows/bin/../lib/gcc/avr/13.2.0/avr5\libgcc.a(_exit.o)
                0x0000123a                _exit
                0x0000123a                exit
 *(.fini9)
 *(.fini8)
 *(.fini8)
 *(.fini7)
 *(.fini7)
 *(.fini6)
 *(.fini6)
 *(.fini5)
 *(.fini5)
 *(.fini4)
 *(.fini4)
 *(.fini3)
 *(.fini3)
 *(.fini2)
 *(.fini2)
 *(.fini1)
 *(.fini1)
 *(.fini0)
 .fini0         0x0000123a        0x4 C:/ATmega/avr-gcc-13.2.0-x64-windows/bin/../lib/gcc/avr/13.2.0/avr5\libgcc.a(_exit.o)
 *(.fini0)
 *(.hightext)
 *(.hightext*)
 *(.progmemx.*)
                0x0000123e                        . = ALIGN (0x2)
 *(.jumptables)
 *(.jumptables*)
                0x0000123e                        _etext = .

.data           0x00800100       0xb0 load address 0x0000123e
                0x00800100                        PROVIDE (__data_start = .)
 *(.data)
 .data          0x00800100        0x0 C:/ATmega/avr-gcc-13.2.0-x64-windows/bin/../lib/gcc/avr/13.2.0/../../../../avr/lib/avr5/crtatmega328p.o
 .data          0x00800100        0x0 Lab6.o
 .data          0x00800100        0xe usart.o
 .data          0x0080010e        0x0 C:/ATmega/avr-gcc-13.2.0-x64-windows/bin/../lib/gcc/avr/13.2.0/../../../../avr/lib/avr5\libprintf_flt.a(vfprintf_flt.o)
 .data          0x0080010e        0x0 C:/ATmega/avr-gcc-13.2.0-x64-windows/bin/../lib/gcc/avr/13.2.0/../../../../avr/lib/avr5\libm.a(divsf3.o)
 .data          0x0080010e        0x0 C:/ATmega/avr-gcc-13.2.0-x64-windows/bin/../lib/gcc/avr/13.2.0/../../../../avr/lib/avr5\libm.a(divsf3x.o)
 .data          0x0080010e        0x0 C:/ATmega/avr-gcc-13.2.0-x64-windows/bin/../lib/gcc/avr/13.2.0/../../../../avr/lib/avr5\libm.a(floatsisf.o)
 .data          0x0080010e        0x0 C:/ATmega/avr-gcc-13.2.0-x64-windows/bin/../lib/gcc/avr/13.2.0/../../../../avr/lib/avr5\libm.a(fp_inf.o)
 .data          0x0080010e        0x0 C:/ATmega/avr-gcc-13.2.0-x64-windows/bin/../lib/gcc/avr/13.2.0/../../../../avr/lib/avr5\libm.a(fp_nan.o)
 .data          0x0080010e        0x0 C:/ATmega/avr-gcc-13.2.0-x64-windows/bin/../lib/gcc/avr/13.2.0/../../../../avr/lib/avr5\libm.a(fp_pscA.o)
 .data          0x0080010e        0x0 C:/ATmega/avr-gcc-13.2.0-x64-windows/bin/../lib/gcc/avr/13.2.0/../../../../avr/lib/avr5\libm.a(fp_pscB.o)
 .data          0x0080010e        0x0 C:/ATmega/avr-gcc-13.2.0-x64-windows/bin/../lib/gcc/avr/13.2.0/../../../../avr/lib/avr5\libm.a(fp_round.o)
 .data          0x0080010e        0x0 C:/ATmega/avr-gcc-13.2.0-x64-windows/bin/../lib/gcc/avr/13.2.0/../../../../avr/lib/avr5\libm.a(fp_split3.o)
 .data          0x0080010e        0x0 C:/ATmega/avr-gcc-13.2.0-x64-windows/bin/../lib/gcc/avr/13.2.0/../../../../avr/lib/avr5\libm.a(fp_zero.o)
 .data          0x0080010e        0x0 C:/ATmega/avr-gcc-13.2.0-x64-windows/bin/../lib/gcc/avr/13.2.0/../../../../avr/lib/avr5\libm.a(mulsf3.o)
 .data          0x0080010e        0x0 C:/ATmega/avr-gcc-13.2.0-x64-windows/bin/../lib/gcc/avr/13.2.0/../../../../avr/lib/avr5\libm.a(mulsf3x.o)
 .data          0x0080010e        0x0 C:/ATmega/avr-gcc-13.2.0-x64-windows/bin/../lib/gcc/avr/13.2.0/avr5\libgcc.a(_exit.o)
 .data          0x0080010e        0x0 C:/ATmega/avr-gcc-13.2.0-x64-windows/bin/../lib/gcc/avr/13.2.0/avr5\libgcc.a(_copy_data.o)
 .data          0x0080010e        0x0 C:/ATmega/avr-gcc-13.2.0-x64-windows/bin/../lib/gcc/avr/13.2.0/avr5\libgcc.a(_clear_bss.o)
 .data          0x0080010e        0x0 C:/ATmega/avr-gcc-13.2.0-x64-windows/bin/../lib/gcc/avr/13.2.0/avr5\libgcc.a(_prologue.o)
 .data          0x0080010e        0x0 C:/ATmega/avr-gcc-13.2.0-x64-windows/bin/../lib/gcc/avr/13.2.0/avr5\libgcc.a(_epilogue.o)
 .data          0x0080010e        0x0 C:/ATmega/avr-gcc-13.2.0-x64-windows/bin/../lib/gcc/avr/13.2.0/../../../../avr/lib/avr5\libc.a(ftoa_engine.o)
 .data          0x0080010e        0x0 C:/ATmega/avr-gcc-13.2.0-x64-windows/bin/../lib/gcc/avr/13.2.0/../../../../avr/lib/avr5\libc.a(strnlen_P.o)
 .data          0x0080010e        0x0 C:/ATmega/avr-gcc-13.2.0-x64-windows/bin/../lib/gcc/avr/13.2.0/../../../../avr/lib/avr5\libc.a(strnlen.o)
 .data          0x0080010e        0x0 C:/ATmega/avr-gcc-13.2.0-x64-windows/bin/../lib/gcc/avr/13.2.0/../../../../avr/lib/avr5\libc.a(fputc.o)
 .data          0x0080010e        0x0 C:/ATmega/avr-gcc-13.2.0-x64-windows/bin/../lib/gcc/avr/13.2.0/../../../../avr/lib/avr5\libc.a(iob.o)
 .data          0x0080010e        0x0 C:/ATmega/avr-gcc-13.2.0-x64-windows/bin/../lib/gcc/avr/13.2.0/../../../../avr/lib/avr5\libc.a(printf.o)
 .data          0x0080010e        0x0 C:/ATmega/avr-gcc-13.2.0-x64-windows/bin/../lib/gcc/avr/13.2.0/../../../../avr/lib/avr5\libc.a(puts.o)
 .data          0x0080010e        0x0 C:/ATmega/avr-gcc-13.2.0-x64-windows/bin/../lib/gcc/avr/13.2.0/../../../../avr/lib/avr5\libc.a(ultoa_invert.o)
 *(.data*)
 *(.gnu.linkonce.d*)
 *(.rodata)
 *(.rodata*)
 .rodata.str1.1
                0x0080010e       0xa1 Lab6.o
 *(.gnu.linkonce.r*)
                0x008001b0                        . = ALIGN (0x2)
 *fill*         0x008001af        0x1 
                0x008001b0                        _edata = .
                0x008001b0                        PROVIDE (__data_end = .)

.bss            0x008001b0        0x8
                0x008001b0                        PROVIDE (__bss_start = .)
 *(.bss)
 .bss           0x008001b0        0x0 C:/ATmega/avr-gcc-13.2.0-x64-windows/bin/../lib/gcc/avr/13.2.0/../../../../avr/lib/avr5/crtatmega328p.o
 .bss           0x008001b0        0x2 Lab6.o
                0x008001b0                cnt
 .bss           0x008001b2        0x0 usart.o
 .bss           0x008001b2        0x0 C:/ATmega/avr-gcc-13.2.0-x64-windows/bin/../lib/gcc/avr/13.2.0/../../../../avr/lib/avr5\libprintf_flt.a(vfprintf_flt.o)
 .bss           0x008001b2        0x0 C:/ATmega/avr-gcc-13.2.0-x64-windows/bin/../lib/gcc/avr/13.2.0/../../../../avr/lib/avr5\libm.a(divsf3.o)
 .bss           0x008001b2        0x0 C:/ATmega/avr-gcc-13.2.0-x64-windows/bin/../lib/gcc/avr/13.2.0/../../../../avr/lib/avr5\libm.a(divsf3x.o)
 .bss           0x008001b2        0x0 C:/ATmega/avr-gcc-13.2.0-x64-windows/bin/../lib/gcc/avr/13.2.0/../../../../avr/lib/avr5\libm.a(floatsisf.o)
 .bss           0x008001b2        0x0 C:/ATmega/avr-gcc-13.2.0-x64-windows/bin/../lib/gcc/avr/13.2.0/../../../../avr/lib/avr5\libm.a(fp_inf.o)
 .bss           0x008001b2        0x0 C:/ATmega/avr-gcc-13.2.0-x64-windows/bin/../lib/gcc/avr/13.2.0/../../../../avr/lib/avr5\libm.a(fp_nan.o)
 .bss           0x008001b2        0x0 C:/ATmega/avr-gcc-13.2.0-x64-windows/bin/../lib/gcc/avr/13.2.0/../../../../avr/lib/avr5\libm.a(fp_pscA.o)
 .bss           0x008001b2        0x0 C:/ATmega/avr-gcc-13.2.0-x64-windows/bin/../lib/gcc/avr/13.2.0/../../../../avr/lib/avr5\libm.a(fp_pscB.o)
 .bss           0x008001b2        0x0 C:/ATmega/avr-gcc-13.2.0-x64-windows/bin/../lib/gcc/avr/13.2.0/../../../../avr/lib/avr5\libm.a(fp_round.o)
 .bss           0x008001b2        0x0 C:/ATmega/avr-gcc-13.2.0-x64-windows/bin/../lib/gcc/avr/13.2.0/../../../../avr/lib/avr5\libm.a(fp_split3.o)
 .bss           0x008001b2        0x0 C:/ATmega/avr-gcc-13.2.0-x64-windows/bin/../lib/gcc/avr/13.2.0/../../../../avr/lib/avr5\libm.a(fp_zero.o)
 .bss           0x008001b2        0x0 C:/ATmega/avr-gcc-13.2.0-x64-windows/bin/../lib/gcc/avr/13.2.0/../../../../avr/lib/avr5\libm.a(mulsf3.o)
 .bss           0x008001b2        0x0 C:/ATmega/avr-gcc-13.2.0-x64-windows/bin/../lib/gcc/avr/13.2.0/../../../../avr/lib/avr5\libm.a(mulsf3x.o)
 .bss           0x008001b2        0x0 C:/ATmega/avr-gcc-13.2.0-x64-windows/bin/../lib/gcc/avr/13.2.0/avr5\libgcc.a(_exit.o)
 .bss           0x008001b2        0x0 C:/ATmega/avr-gcc-13.2.0-x64-windows/bin/../lib/gcc/avr/13.2.0/avr5\libgcc.a(_copy_data.o)
 .bss           0x008001b2        0x0 C:/ATmega/avr-gcc-13.2.0-x64-windows/bin/../lib/gcc/avr/13.2.0/avr5\libgcc.a(_clear_bss.o)
 .bss           0x008001b2        0x0 C:/ATmega/avr-gcc-13.2.0-x64-windows/bin/../lib/gcc/avr/13.2.0/avr5\libgcc.a(_prologue.o)
 .bss           0x008001b2        0x0 C:/ATmega/avr-gcc-13.2.0-x64-windows/bin/../lib/gcc/avr/13.2.0/avr5\libgcc.a(_epilogue.o)
 .bss           0x008001b2        0x0 C:/ATmega/avr-gcc-13.2.0-x64-windows/bin/../lib/gcc/avr/13.2.0/../../../../avr/lib/avr5\libc.a(ftoa_engine.o)
 .bss           0x008001b2        0x0 C:/ATmega/avr-gcc-13.2.0-x64-windows/bin/../lib/gcc/avr/13.2.0/../../../../avr/lib/avr5\libc.a(strnlen_P.o)
 .bss           0x008001b2        0x0 C:/ATmega/avr-gcc-13.2.0-x64-windows/bin/../lib/gcc/avr/13.2.0/../../../../avr/lib/avr5\libc.a(strnlen.o)
 .bss           0x008001b2        0x0 C:/ATmega/avr-gcc-13.2.0-x64-windows/bin/../lib/gcc/avr/13.2.0/../../../../avr/lib/avr5\libc.a(fputc.o)
 .bss           0x008001b2        0x6 C:/ATmega/avr-gcc-13.2.0-x64-windows/bin/../lib/gcc/avr/13.2.0/../../../../avr/lib/avr5\libc.a(iob.o)
                0x008001b2                __iob
 .bss           0x008001b8        0x0 C:/ATmega/avr-gcc-13.2.0-x64-windows/bin/../lib/gcc/avr/13.2.0/../../../../avr/lib/avr5\libc.a(printf.o)
 .bss           0x008001b8        0x0 C:/ATmega/avr-gcc-13.2.0-x64-windows/bin/../lib/gcc/avr/13.2.0/../../../../avr/lib/avr5\libc.a(puts.o)
 .bss           0x008001b8        0x0 C:/ATmega/avr-gcc-13.2.0-x64-windows/bin/../lib/gcc/avr/13.2.0/../../../../avr/lib/avr5\libc.a(ultoa_invert.o)
 *(.bss*)
 *(COMMON)
                0x008001b8                        PROVIDE (__bss_end = .)
                0x0000123e                        __data_load_start = LOADADDR (.data)
                0x000012ee                        __data_load_end = (__data_load_start + SIZEOF (.data))

.noinit         0x008001b8        0x0
                [!provide]                        PROVIDE (__noinit_start = .)
 *(.noinit .noinit.* .gnu.linkonce.n.*)
                [!provide]                        PROVIDE (__noinit_end = .)
                0x008001b8                        _end = .
                [!provide]                        PROVIDE (__heap_start = .)

.eeprom         0x00810000        0x0
 *(.eeprom*)
                0x00810000                        __eeprom_end = .

.fuse
 *(.fuse)
 *(.lfuse)
 *(.hfuse)
 *(.efuse)

.lock
 *(.lock*)

.signature
 *(.signature*)

.stab
 *(.stab)

.stabstr
 *(.stabstr)

.stab.excl
 *(.stab.excl)

.stab.exclstr
 *(.stab.exclstr)

.stab.index
 *(.stab.index)

.stab.indexstr
 *(.stab.indexstr)

.comment        0x00000000       0x12
 *(.comment)
 .comment       0x00000000       0x12 Lab6.o
                                 0x13 (size before relaxing)
 .comment       0x00000012       0x13 usart.o
 .comment       0x00000012       0x13 C:/ATmega/avr-gcc-13.2.0-x64-windows/bin/../lib/gcc/avr/13.2.0/../../../../avr/lib/avr5\libprintf_flt.a(vfprintf_flt.o)
 .comment       0x00000012       0x13 C:/ATmega/avr-gcc-13.2.0-x64-windows/bin/../lib/gcc/avr/13.2.0/../../../../avr/lib/avr5\libc.a(fputc.o)
 .comment       0x00000012       0x13 C:/ATmega/avr-gcc-13.2.0-x64-windows/bin/../lib/gcc/avr/13.2.0/../../../../avr/lib/avr5\libc.a(iob.o)
 .comment       0x00000012       0x13 C:/ATmega/avr-gcc-13.2.0-x64-windows/bin/../lib/gcc/avr/13.2.0/../../../../avr/lib/avr5\libc.a(printf.o)
 .comment       0x00000012       0x13 C:/ATmega/avr-gcc-13.2.0-x64-windows/bin/../lib/gcc/avr/13.2.0/../../../../avr/lib/avr5\libc.a(puts.o)

.note.gnu.avr.deviceinfo
                0x00000000       0x40
 .note.gnu.avr.deviceinfo
                0x00000000       0x40 C:/ATmega/avr-gcc-13.2.0-x64-windows/bin/../lib/gcc/avr/13.2.0/../../../../avr/lib/avr5/crtatmega328p.o

.gnu.build.attributes
 *(.gnu.build.attributes .gnu.build.attributes.*)

.note.gnu.build-id
 *(.note.gnu.build-id)

.debug
 *(.debug)

.line
 *(.line)

.debug_srcinfo
 *(.debug_srcinfo)

.debug_sfnames
 *(.debug_sfnames)

.debug_aranges  0x00000000       0xe8
 *(.debug_aranges)
 .debug_aranges
                0x00000000       0x28 Lab6.o
 .debug_aranges
                0x00000028       0x20 usart.o
 .debug_aranges
                0x00000048       0x20 C:/ATmega/avr-gcc-13.2.0-x64-windows/bin/../lib/gcc/avr/13.2.0/avr5\libgcc.a(_exit.o)
 .debug_aranges
                0x00000068       0x20 C:/ATmega/avr-gcc-13.2.0-x64-windows/bin/../lib/gcc/avr/13.2.0/avr5\libgcc.a(_copy_data.o)
 .debug_aranges
                0x00000088       0x20 C:/ATmega/avr-gcc-13.2.0-x64-windows/bin/../lib/gcc/avr/13.2.0/avr5\libgcc.a(_clear_bss.o)
 .debug_aranges
                0x000000a8       0x20 C:/ATmega/avr-gcc-13.2.0-x64-windows/bin/../lib/gcc/avr/13.2.0/avr5\libgcc.a(_prologue.o)
 .debug_aranges
                0x000000c8       0x20 C:/ATmega/avr-gcc-13.2.0-x64-windows/bin/../lib/gcc/avr/13.2.0/avr5\libgcc.a(_epilogue.o)

.debug_pubnames
 *(.debug_pubnames)

.debug_info     0x00000000      0xb59
 *(.debug_info .gnu.linkonce.wi.*)
 .debug_info    0x00000000      0x5f4 C:/ATmega/avr-gcc-13.2.0-x64-windows/bin/../lib/gcc/avr/13.2.0/../../../../avr/lib/avr5/crtatmega328p.o
 .debug_info    0x000005f4      0x1e3 Lab6.o
 .debug_info    0x000007d7      0x2ce usart.o
 .debug_info    0x00000aa5       0x24 C:/ATmega/avr-gcc-13.2.0-x64-windows/bin/../lib/gcc/avr/13.2.0/avr5\libgcc.a(_exit.o)
 .debug_info    0x00000ac9       0x24 C:/ATmega/avr-gcc-13.2.0-x64-windows/bin/../lib/gcc/avr/13.2.0/avr5\libgcc.a(_copy_data.o)
 .debug_info    0x00000aed       0x24 C:/ATmega/avr-gcc-13.2.0-x64-windows/bin/../lib/gcc/avr/13.2.0/avr5\libgcc.a(_clear_bss.o)
 .debug_info    0x00000b11       0x24 C:/ATmega/avr-gcc-13.2.0-x64-windows/bin/../lib/gcc/avr/13.2.0/avr5\libgcc.a(_prologue.o)
 .debug_info    0x00000b35       0x24 C:/ATmega/avr-gcc-13.2.0-x64-windows/bin/../lib/gcc/avr/13.2.0/avr5\libgcc.a(_epilogue.o)

.debug_abbrev   0x00000000      0x93c
 *(.debug_abbrev)
 .debug_abbrev  0x00000000      0x5a2 C:/ATmega/avr-gcc-13.2.0-x64-windows/bin/../lib/gcc/avr/13.2.0/../../../../avr/lib/avr5/crtatmega328p.o
 .debug_abbrev  0x000005a2      0x16c Lab6.o
 .debug_abbrev  0x0000070e      0x1ca usart.o
 .debug_abbrev  0x000008d8       0x14 C:/ATmega/avr-gcc-13.2.0-x64-windows/bin/../lib/gcc/avr/13.2.0/avr5\libgcc.a(_exit.o)
 .debug_abbrev  0x000008ec       0x14 C:/ATmega/avr-gcc-13.2.0-x64-windows/bin/../lib/gcc/avr/13.2.0/avr5\libgcc.a(_copy_data.o)
 .debug_abbrev  0x00000900       0x14 C:/ATmega/avr-gcc-13.2.0-x64-windows/bin/../lib/gcc/avr/13.2.0/avr5\libgcc.a(_clear_bss.o)
 .debug_abbrev  0x00000914       0x14 C:/ATmega/avr-gcc-13.2.0-x64-windows/bin/../lib/gcc/avr/13.2.0/avr5\libgcc.a(_prologue.o)
 .debug_abbrev  0x00000928       0x14 C:/ATmega/avr-gcc-13.2.0-x64-windows/bin/../lib/gcc/avr/13.2.0/avr5\libgcc.a(_epilogue.o)

.debug_line     0x00000000      0xbaa
 *(.debug_line .debug_line.* .debug_line_end)
 .debug_line    0x00000000       0x1d C:/ATmega/avr-gcc-13.2.0-x64-windows/bin/../lib/gcc/avr/13.2.0/../../../../avr/lib/avr5/crtatmega328p.o
 .debug_line    0x0000001d      0x541 Lab6.o
 .debug_line    0x0000055e      0x32b usart.o
 .debug_line    0x00000889       0x51 C:/ATmega/avr-gcc-13.2.0-x64-windows/bin/../lib/gcc/avr/13.2.0/avr5\libgcc.a(_exit.o)
 .debug_line    0x000008da       0x87 C:/ATmega/avr-gcc-13.2.0-x64-windows/bin/../lib/gcc/avr/13.2.0/avr5\libgcc.a(_copy_data.o)
 .debug_line    0x00000961       0x75 C:/ATmega/avr-gcc-13.2.0-x64-windows/bin/../lib/gcc/avr/13.2.0/avr5\libgcc.a(_clear_bss.o)
 .debug_line    0x000009d6       0xed C:/ATmega/avr-gcc-13.2.0-x64-windows/bin/../lib/gcc/avr/13.2.0/avr5\libgcc.a(_prologue.o)
 .debug_line    0x00000ac3       0xe7 C:/ATmega/avr-gcc-13.2.0-x64-windows/bin/../lib/gcc/avr/13.2.0/avr5\libgcc.a(_epilogue.o)

.debug_frame    0x00000000      0x164
 *(.debug_frame)
 .debug_frame   0x00000000       0xa8 Lab6.o
 .debug_frame   0x000000a8       0xbc usart.o

.debug_str      0x00000000      0x400
 *(.debug_str)
 .debug_str     0x00000000      0x20b C:/ATmega/avr-gcc-13.2.0-x64-windows/bin/../lib/gcc/avr/13.2.0/../../../../avr/lib/avr5/crtatmega328p.o
 .debug_str     0x0000020b      0x1f5 Lab6.o
                                0x141 (size before relaxing)
 .debug_str     0x00000400      0x168 usart.o
 .debug_str     0x00000400       0x68 C:/ATmega/avr-gcc-13.2.0-x64-windows/bin/../lib/gcc/avr/13.2.0/avr5\libgcc.a(_exit.o)
 .debug_str     0x00000400       0x68 C:/ATmega/avr-gcc-13.2.0-x64-windows/bin/../lib/gcc/avr/13.2.0/avr5\libgcc.a(_copy_data.o)
 .debug_str     0x00000400       0x68 C:/ATmega/avr-gcc-13.2.0-x64-windows/bin/../lib/gcc/avr/13.2.0/avr5\libgcc.a(_clear_bss.o)
 .debug_str     0x00000400       0x68 C:/ATmega/avr-gcc-13.2.0-x64-windows/bin/../lib/gcc/avr/13.2.0/avr5\libgcc.a(_prologue.o)
 .debug_str     0x00000400       0x68 C:/ATmega/avr-gcc-13.2.0-x64-windows/bin/../lib/gcc/avr/13.2.0/avr5\libgcc.a(_epilogue.o)

.debug_loc
 *(.debug_loc)

.debug_macinfo
 *(.debug_macinfo)

.debug_weaknames
 *(.debug_weaknames)

.debug_funcnames
 *(.debug_funcnames)

.debug_typenames
 *(.debug_typenames)

.debug_varnames
 *(.debug_varnames)

.debug_pubtypes
 *(.debug_pubtypes)

.debug_ranges
 *(.debug_ranges)

.debug_addr
 *(.debug_addr)

.debug_line_str
                0x00000000       0xe2
 *(.debug_line_str)
 .debug_line_str
                0x00000000       0xe2 Lab6.o
                                 0xb9 (size before relaxing)
 .debug_line_str
                0x000000e2       0xb4 usart.o
 .debug_line_str
                0x000000e2       0x5c C:/ATmega/avr-gcc-13.2.0-x64-windows/bin/../lib/gcc/avr/13.2.0/avr5\libgcc.a(_exit.o)
 .debug_line_str
                0x000000e2       0x5c C:/ATmega/avr-gcc-13.2.0-x64-windows/bin/../lib/gcc/avr/13.2.0/avr5\libgcc.a(_copy_data.o)
 .debug_line_str
                0x000000e2       0x5c C:/ATmega/avr-gcc-13.2.0-x64-windows/bin/../lib/gcc/avr/13.2.0/avr5\libgcc.a(_clear_bss.o)
 .debug_line_str
                0x000000e2       0x5c C:/ATmega/avr-gcc-13.2.0-x64-windows/bin/../lib/gcc/avr/13.2.0/avr5\libgcc.a(_prologue.o)
 .debug_line_str
                0x000000e2       0x5c C:/ATmega/avr-gcc-13.2.0-x64-windows/bin/../lib/gcc/avr/13.2.0/avr5\libgcc.a(_epilogue.o)

.debug_loclists
                0x00000000      0x2d0
 *(.debug_loclists)
 .debug_loclists
                0x00000000      0x17c Lab6.o
 .debug_loclists
                0x0000017c      0x154 usart.o

.debug_macro
 *(.debug_macro)

.debug_names
 *(.debug_names)

.debug_rnglists
                0x00000000       0x1b
 *(.debug_rnglists)
 .debug_rnglists
                0x00000000       0x1b Lab6.o

.debug_str_offsets
 *(.debug_str_offsets)

.debug_sup
 *(.debug_sup)
OUTPUT(Lab6.elf elf32-avr)
LOAD linker stubs
